Component: ARM Compiler 6.14 Tool: armlink [5db06800]

==============================================================================

Section Cross References

    startup_stm32f401xc.o(STACK) refers (Special) to heapauxi.o(.text) for __use_two_region_memory
    startup_stm32f401xc.o(HEAP) refers (Special) to heapauxi.o(.text) for __use_two_region_memory
    startup_stm32f401xc.o(RESET) refers (Special) to heapauxi.o(.text) for __use_two_region_memory
    startup_stm32f401xc.o(RESET) refers to startup_stm32f401xc.o(STACK) for __initial_sp
    startup_stm32f401xc.o(RESET) refers to startup_stm32f401xc.o(.text) for Reset_Handler
    startup_stm32f401xc.o(RESET) refers to stm32f4xx_it.o(.text.NMI_Handler) for NMI_Handler
    startup_stm32f401xc.o(RESET) refers to stm32f4xx_it.o(.text.HardFault_Handler) for HardFault_Handler
    startup_stm32f401xc.o(RESET) refers to stm32f4xx_it.o(.text.MemManage_Handler) for MemManage_Handler
    startup_stm32f401xc.o(RESET) refers to stm32f4xx_it.o(.text.BusFault_Handler) for BusFault_Handler
    startup_stm32f401xc.o(RESET) refers to stm32f4xx_it.o(.text.UsageFault_Handler) for UsageFault_Handler
    startup_stm32f401xc.o(RESET) refers to stm32f4xx_it.o(.text.SVC_Handler) for SVC_Handler
    startup_stm32f401xc.o(RESET) refers to stm32f4xx_it.o(.text.DebugMon_Handler) for DebugMon_Handler
    startup_stm32f401xc.o(RESET) refers to stm32f4xx_it.o(.text.PendSV_Handler) for PendSV_Handler
    startup_stm32f401xc.o(RESET) refers to stm32f4xx_it.o(.text.SysTick_Handler) for SysTick_Handler
    startup_stm32f401xc.o(RESET) refers to stm32f4xx_it.o(.text.DMA1_Stream5_IRQHandler) for DMA1_Stream5_IRQHandler
    startup_stm32f401xc.o(RESET) refers to stm32f4xx_it.o(.text.TIM1_UP_TIM10_IRQHandler) for TIM1_UP_TIM10_IRQHandler
    startup_stm32f401xc.o(RESET) refers to stm32f4xx_it.o(.text.TIM2_IRQHandler) for TIM2_IRQHandler
    startup_stm32f401xc.o(RESET) refers to stm32f4xx_it.o(.text.TIM3_IRQHandler) for TIM3_IRQHandler
    startup_stm32f401xc.o(RESET) refers to stm32f4xx_it.o(.text.TIM4_IRQHandler) for TIM4_IRQHandler
    startup_stm32f401xc.o(RESET) refers to stm32f4xx_it.o(.text.USART1_IRQHandler) for USART1_IRQHandler
    startup_stm32f401xc.o(RESET) refers to stm32f4xx_it.o(.text.DMA2_Stream2_IRQHandler) for DMA2_Stream2_IRQHandler
    startup_stm32f401xc.o(.text) refers (Special) to heapauxi.o(.text) for __use_two_region_memory
    startup_stm32f401xc.o(.text) refers to system_stm32f4xx.o(.text.SystemInit) for SystemInit
    startup_stm32f401xc.o(.text) refers to __main.o(!!!main) for __main
    startup_stm32f401xc.o(.text) refers to startup_stm32f401xc.o(HEAP) for Heap_Mem
    startup_stm32f401xc.o(.text) refers to startup_stm32f401xc.o(STACK) for Stack_Mem
    main.o(.text.main) refers to stm32f4xx_hal.o(.text.HAL_Init) for HAL_Init
    main.o(.text.main) refers to main.o(.text.SystemClock_Config) for SystemClock_Config
    main.o(.text.main) refers to gpio.o(.text.MX_GPIO_Init) for MX_GPIO_Init
    main.o(.text.main) refers to dma.o(.text.MX_DMA_Init) for MX_DMA_Init
    main.o(.text.main) refers to usart.o(.text.MX_USART1_UART_Init) for MX_USART1_UART_Init
    main.o(.text.main) refers to tim.o(.text.MX_TIM2_Init) for MX_TIM2_Init
    main.o(.text.main) refers to tim.o(.text.MX_TIM1_Init) for MX_TIM1_Init
    main.o(.text.main) refers to tim.o(.text.MX_TIM3_Init) for MX_TIM3_Init
    main.o(.text.main) refers to tim.o(.text.MX_TIM4_Init) for MX_TIM4_Init
    main.o(.text.main) refers to usart.o(.text.MX_USART2_UART_Init) for MX_USART2_UART_Init
    main.o(.text.main) refers to bsp_dwt.o(.text.DWT_Init) for DWT_Init
    main.o(.text.main) refers to usart.o(.bss.huart2) for huart2
    main.o(.text.main) refers to bsp_uart.o(.bss.rx2_buffer) for rx2_buffer
    main.o(.text.main) refers to stm32f4xx_hal_uart.o(.text.HAL_UARTEx_ReceiveToIdle_DMA) for HAL_UARTEx_ReceiveToIdle_DMA
    main.o(.text.main) refers to usart.o(.bss.hdma_usart2_rx) for hdma_usart2_rx
    main.o(.text.main) refers to usart.o(.bss.huart1) for huart1
    main.o(.text.main) refers to usart.o(.bss.rx_byte) for rx_byte
    main.o(.text.main) refers to stm32f4xx_hal_uart.o(.text.HAL_UART_Receive_IT) for HAL_UART_Receive_IT
    main.o(.text.main) refers to tim.o(.bss.htim2) for htim2
    main.o(.text.main) refers to stm32f4xx_hal_tim.o(.text.HAL_TIM_Base_Start_IT) for HAL_TIM_Base_Start_IT
    main.o(.text.main) refers to tim.o(.bss.htim3) for htim3
    main.o(.text.main) refers to tim.o(.bss.htim4) for htim4
    main.o(.text.main) refers to stm32f4xx_hal_tim.o(.text.HAL_TIM_Base_Start) for HAL_TIM_Base_Start
    main.o(.text.main) refers to stm32f4xx_hal_tim.o(.text.HAL_TIM_PWM_Start) for HAL_TIM_PWM_Start
    main.o(.text.main) refers to main.o(.bss.temp_cmd) for temp_cmd
    main.o(.text.main) refers to decode.o(.text.dequeue_command) for dequeue_command
    main.o(.text.main) refers to main.o(.bss.res) for res
    main.o(.text.main) refers to main.o(.bss.src_idx) for src_idx
[...]
    [Anonymous Symbol]                       0x20000094   Section        0  bsp_dwt.o(.bss.CYCCNT_RountCount)
    deploy_cmd_count                         0x200000a0   Data           1  decode.o(.bss.deploy_cmd_count)
    [Anonymous Symbol]                       0x200000a0   Section        0  decode.o(.bss.deploy_cmd_count)
    deploy_cmd_head                          0x200000a1   Data           1  decode.o(.bss.deploy_cmd_head)
    [Anonymous Symbol]                       0x200000a1   Section        0  decode.o(.bss.deploy_cmd_head)
    deploy_cmd_queue                         0x200000a2   Data          32  decode.o(.bss.deploy_cmd_queue)
    [Anonymous Symbol]                       0x200000a2   Section        0  decode.o(.bss.deploy_cmd_queue)
    deploy_cmd_tail                          0x200000c2   Data           1  decode.o(.bss.deploy_cmd_tail)
    [Anonymous Symbol]                       0x200000c2   Section        0  decode.o(.bss.deploy_cmd_tail)
    recover_cmd_count                        0x20000380   Data           1  decode.o(.bss.recover_cmd_count)
    [Anonymous Symbol]                       0x20000380   Section        0  decode.o(.bss.recover_cmd_count)
    recover_cmd_head                         0x20000381   Data           1  decode.o(.bss.recover_cmd_head)
    [Anonymous Symbol]                       0x20000381   Section        0  decode.o(.bss.recover_cmd_head)
    recover_cmd_queue                        0x20000382   Data          32  decode.o(.bss.recover_cmd_queue)
    [Anonymous Symbol]                       0x20000382   Section        0  decode.o(.bss.recover_cmd_queue)
    recover_cmd_tail                         0x200003a2   Data           1  decode.o(.bss.recover_cmd_tail)
    [Anonymous Symbol]                       0x200003a2   Section        0  decode.o(.bss.recover_cmd_tail)
    rx_buffer                                0x2000045c   Data          32  usart.o(.bss.rx_buffer)
    [Anonymous Symbol]                       0x2000045c   Section        0  usart.o(.bss.rx_buffer)
    rx_index                                 0x2000047d   Data           1  usart.o(.bss.rx_index)
    [Anonymous Symbol]                       0x2000047d   Section        0  usart.o(.bss.rx_index)
    Heap_Mem                                 0x20000488   Data         512  startup_stm32f401xc.o(HEAP)
    HEAP                                     0x20000488   Section      512  startup_stm32f401xc.o(HEAP)
    Stack_Mem                                0x20000688   Data        1024  startup_stm32f401xc.o(STACK)
    STACK                                    0x20000688   Section     1024  startup_stm32f401xc.o(STACK)
    __initial_sp                             0x20000a88   Data           0  startup_stm32f401xc.o(STACK)

    Global Symbols

    Symbol Name                              Value     Ov Type        Size  Object(Section)

    BuildAttributes$$THM_ISAv4$E$P$D$K$B$S$7EM$VFPi3$EXTD16$VFPS$VFMA$PE$A:L22UL41UL21$X:L11$S22US41US21$IEEE1$IW$~IW$USESV6$~STKCKD$USESV7$~SHL$OTIME$ROPI$IEEEX$EBA8$UX$STANDARDLIB$REQ8$PRES8$EABIv2 0x00000000   Number         0  anon$$obj.o ABSOLUTE
    __ARM_exceptions_init                     - Undefined Weak Reference
    __alloca_initialize                       - Undefined Weak Reference
    __arm_preinit_                            - Undefined Weak Reference
    __cpp_initialize__aeabi_                  - Undefined Weak Reference
    __cxa_finalize                            - Undefined Weak Reference
    __sigvec_lookup                           - Undefined Weak Reference
    _atexit_init                              - Undefined Weak Reference
    _call_atexit_fns                          - Undefined Weak Reference
    _clock_init                               - Undefined Weak Reference
    _fp_trap_init                             - Undefined Weak Reference
    _fp_trap_shutdown                         - Undefined Weak Reference
    _get_lc_collate                           - Undefined Weak Reference
    _get_lc_monetary                          - Undefined Weak Reference
    _get_lc_time                              - Undefined Weak Reference
    _getenv_init                              - Undefined Weak Reference
    _handle_redirection                       - Undefined Weak Reference
    _init_alloc                               - Undefined Weak Reference
    _init_user_alloc                          - Undefined Weak Reference
    _initio                                   - Undefined Weak Reference
    _rand_init                                - Undefined Weak Reference
    _signal_finish                            - Undefined Weak Reference
    _signal_init                              - Undefined Weak Reference
    _terminate_alloc                          - Undefined Weak Reference
    _terminate_user_alloc                     - Undefined Weak Reference
    _terminateio                              - Undefined Weak Reference
    __Vectors_Size                           0x00000194   Number         0  startup_stm32f401xc.o ABSOLUTE
    __Vectors                                0x08000000   Data           4  startup_stm32f401xc.o(RESET)
    __Vectors_End                            0x08000194   Data           0  startup_stm32f401xc.o(RESET)
    __main                                   0x08000195   Thumb Code     8  __main.o(!!!main)
    __scatterload                            0x0800019d   Thumb Code     0  __scatter.o(!!!scatter)
    __scatterload_rt2                        0x0800019d   Thumb Code    44  __scatter.o(!!!scatter)
    __scatterload_rt2_thumb_only             0x0800019d   Thumb Code     0  __scatter.o(!!!scatter)
    __scatterload_null                       0x080001ab   Thumb Code     0  __scatter.o(!!!scatter)
    __scatterload_copy                       0x080001d1   Thumb Code    26  __scatter_copy.o(!!handler_copy)
    __scatterload_zeroinit                   0x080001ed   Thumb Code    28  __scatter_zi.o(!!handler_zi)
    __rt_lib_init                            0x08000209   Thumb Code     0  libinit.o(.ARM.Collect$$libinit$$00000000)
    __rt_lib_init_fp_1                       0x0800020b   Thumb Code     0  libinit2.o(.ARM.Collect$$libinit$$00000001)
    __rt_lib_init_heap_1                     0x0800020f   Thumb Code     0  libinit2.o(.ARM.Collect$$libinit$$0000000A)
    __rt_lib_init_lc_common                  0x0800020f   Thumb Code     0  libinit2.o(.ARM.Collect$$libinit$$0000000F)
    __rt_lib_init_preinit_1                  0x0800020f   Thumb Code     0  libinit2.o(.ARM.Collect$$libinit$$00000004)
    __rt_lib_init_rand_1                     0x0800020f   Thumb Code     0  libinit2.o(.ARM.Collect$$libinit$$0000000E)
    __rt_lib_init_user_alloc_1               0x0800020f   Thumb Code     0  libinit2.o(.ARM.Collect$$libinit$$0000000C)
    __rt_lib_init_lc_collate_1               0x08000215   Thumb Code     0  libinit2.o(.ARM.Collect$$libinit$$00000011)
    __rt_lib_init_lc_ctype_2                 0x08000215   Thumb Code     0  libinit2.o(.ARM.Collect$$libinit$$00000012)
    __rt_lib_init_lc_ctype_1                 0x08000221   Thumb Code     0  libinit2.o(.ARM.Collect$$libinit$$00000013)
    __rt_lib_init_lc_monetary_1              0x08000221   Thumb Code     0  libinit2.o(.ARM.Collect$$libinit$$00000015)
    __rt_lib_init_lc_numeric_2               0x08000221   Thumb Code     0  libinit2.o(.ARM.Collect$$libinit$$00000016)
    __rt_lib_init_argv_1                     0x0800022b   Thumb Code     0  libinit2.o(.ARM.Collect$$libinit$$00000027)
    __rt_lib_init_atexit_1                   0x0800022b   Thumb Code     0  libinit2.o(.ARM.Collect$$libinit$$0000001B)
    __rt_lib_init_clock_1                    0x0800022b   Thumb Code     0  libinit2.o(.ARM.Collect$$libinit$$00000021)
    __rt_lib_init_fp_trap_1                  0x0800022b   Thumb Code     0  libinit2.o(.ARM.Collect$$libinit$$0000001F)
    __rt_lib_init_getenv_1                   0x0800022b   Thumb Code     0  libinit2.o(.ARM.Collect$$libinit$$00000023)
    __rt_lib_init_heapregion_libspace_used   0x0800022b   Thumb Code     0  libinit2.o(.ARM.Collect$$libinit$$00000027)
    __rt_lib_init_lc_numeric_1               0x0800022b   Thumb Code     0  libinit2.o(.ARM.Collect$$libinit$$00000017)
    __rt_lib_init_lc_time_1                  0x0800022b   Thumb Code     0  libinit2.o(.ARM.Collect$$libinit$$00000019)
    __rt_lib_init_signal_1                   0x0800022b   Thumb Code     0  libinit2.o(.ARM.Collect$$libinit$$0000001D)
    __rt_lib_init_stdio_1                    0x0800022b   Thumb Code     0  libinit2.o(.ARM.Collect$$libinit$$00000025)
    __rt_lib_init_alloca_1                   0x08000233   Thumb Code     0  libinit2.o(.ARM.Collect$$libinit$$0000002E)
    __rt_lib_init_cpp_1                      0x08000233   Thumb Code     0  libinit2.o(.ARM.Collect$$libinit$$00000032)
    __rt_lib_init_exceptions_1               0x08000233   Thumb Code     0  libinit2.o(.ARM.Collect$$libinit$$00000030)
    __rt_lib_init_return                     0x08000233   Thumb Code     0  libinit2.o(.ARM.Collect$$libinit$$00000033)
    __rt_lib_shutdown                        0x08000235   Thumb Code     0  libshutdown.o(.ARM.Collect$$libshutdown$$00000000)
    __rt_lib_shutdown_cpp_1                  0x08000237   Thumb Code     0  libshutdown2.o(.ARM.Collect$$libshutdown$$00000002)
    __rt_lib_shutdown_fp_trap_1              0x08000237   Thumb Code     0  libshutdown2.o(.ARM.Collect$$libshutdown$$00000007)
    __rt_lib_shutdown_heap_1                 0x08000237   Thumb Code     0  libshutdown2.o(.ARM.Collect$$libshutdown$$0000000F)
    __rt_lib_shutdown_return                 0x08000237   Thumb Code     0  libshutdown2.o(.ARM.Collect$$libshutdown$$00000010)
    __rt_lib_shutdown_signal_1               0x08000237   Thumb Code     0  libshutdown2.o(.ARM.Collect$$libshutdown$$0000000A)
    __rt_lib_shutdown_stdio_1                0x08000237   Thumb Code     0  libshutdown2.o(.ARM.Collect$$libshutdown$$00000004)
    __rt_lib_shutdown_user_alloc_1           0x08000237   Thumb Code     0  libshutdown2.o(.ARM.Collect$$libshutdown$$0000000C)
    __rt_entry                               0x08000239   Thumb Code     0  __rtentry.o(.ARM.Collect$$rtentry$$00000000)
    __rt_entry_presh_1                       0x08000239   Thumb Code     0  __rtentry2.o(.ARM.Collect$$rtentry$$00000002)
    __rt_entry_sh                            0x08000239   Thumb Code     0  __rtentry4.o(.ARM.Collect$$rtentry$$00000004)
    __rt_entry_li                            0x0800023f   Thumb Code     0  __rtentry2.o(.ARM.Collect$$rtentry$$0000000A)
    __rt_entry_postsh_1                      0x0800023f   Thumb Code     0  __rtentry2.o(.ARM.Collect$$rtentry$$00000009)
    __rt_entry_main                          0x08000243   Thumb Code     0  __rtentry2.o(.ARM.Collect$$rtentry$$0000000D)
    __rt_entry_postli_1                      0x08000243   Thumb Code     0  __rtentry2.o(.ARM.Collect$$rtentry$$0000000C)
    __rt_exit                                0x0800024b   Thumb Code     0  rtexit.o(.ARM.Collect$$rtexit$$00000000)
    __rt_exit_ls                             0x0800024d   Thumb Code     0  rtexit2.o(.ARM.Collect$$rtexit$$00000003)
    __rt_exit_prels_1                        0x0800024d   Thumb Code     0  rtexit2.o(.ARM.Collect$$rtexit$$00000002)
    __rt_exit_exit                           0x08000251   Thumb Code     0  rtexit2.o(.ARM.Collect$$rtexit$$00000004)
    __ARM_argv_veneer                        0x08000259   Thumb Code     4  argv_veneer.o(.emb_text)
    Reset_Handler                            0x0800025d   Thumb Code     8  startup_stm32f401xc.o(.text)
    ADC_IRQHandler                           0x08000277   Thumb Code     0  startup_stm32f401xc.o(.text)
    DMA1_Stream0_IRQHandler                  0x08000277   Thumb Code     0  startup_stm32f401xc.o(.text)
    DMA1_Stream1_IRQHandler                  0x08000277   Thumb Code     0  startup_stm32f401xc.o(.text)
    DMA1_Stream2_IRQHandler                  0x08000277   Thumb Code     0  startup_stm32f401xc.o(.text)
    DMA1_Stream3_IRQHandler                  0x08000277   Thumb Code     0  startup_stm32f401xc.o(.text)
    DMA1_Stream4_IRQHandler                  0x08000277   Thumb Code     0  startup_stm32f401xc.o(.text)
    DMA1_Stream6_IRQHandler                  0x08000277   Thumb Code     0  startup_stm32f401xc.o(.text)
    DMA1_Stream7_IRQHandler                  0x08000277   Thumb Code     0  startup_stm32f401xc.o(.text)
    DMA2_Stream0_IRQHandler                  0x08000277   Thumb Code     0  startup_stm32f401xc.o(.text)
    DMA2_Stream1_IRQHandler                  0x08000277   Thumb Code     0  startup_stm32f401xc.o(.text)
    DMA2_Stream3_IRQHandler                  0x08000277   Thumb Code     0  startup_stm32f401xc.o(.text)
    DMA2_Stream4_IRQHandler                  0x08000277   Thumb Code     0  startup_stm32f401xc.o(.text)
    DMA2_Stream5_IRQHandler                  0x08000277   Thumb Code     0  startup_stm32f401xc.o(.text)
    DMA2_Stream6_IRQHandler                  0x08000277   Thumb Code     0  startup_stm32f401xc.o(.text)
    DMA2_Stream7_IRQHandler                  0x08000277   Thumb Code     0  startup_stm32f401xc.o(.text)
    EXTI0_IRQHandler                         0x08000277   Thumb Code     0  startup_stm32f401xc.o(.text)
    EXTI15_10_IRQHandler                     0x08000277   Thumb Code     0  startup_stm32f401xc.o(.text)
    EXTI1_IRQHandler                         0x08000277   Thumb Code     0  startup_stm32f401xc.o(.text)
    EXTI2_IRQHandler                         0x08000277   Thumb Code     0  startup_stm32f401xc.o(.text)
    EXTI3_IRQHandler                         0x08000277   Thumb Code     0  startup_stm32f401xc.o(.text)
    EXTI4_IRQHandler                         0x08000277   Thumb Code     0  startup_stm32f401xc.o(.text)
    EXTI9_5_IRQHandler                       0x08000277   Thumb Code     0  startup_stm32f401xc.o(.text)
    FLASH_IRQHandler                         0x08000277   Thumb Code     0  startup_stm32f401xc.o(.text)
    FPU_IRQHandler                           0x08000277   Thumb Code     0  startup_stm32f401xc.o(.text)
    I2C1_ER_IRQHandler                       0x08000277   Thumb Code     0  startup_stm32f401xc.o(.text)
    I2C1_EV_IRQHandler                       0x08000277   Thumb Code     0  startup_stm32f401xc.o(.text)
    I2C2_ER_IRQHandler                       0x08000277   Thumb Code     0  startup_stm32f401xc.o(.text)
    I2C2_EV_IRQHandler                       0x08000277   Thumb Code     0  startup_stm32f401xc.o(.text)
    I2C3_ER_IRQHandler                       0x08000277   Thumb Code     0  startup_stm32f401xc.o(.text)
    I2C3_EV_IRQHandler                       0x08000277   Thumb Code     0  startup_stm32f401xc.o(.text)
    OTG_FS_IRQHandler                        0x08000277   Thumb Code     0  startup_stm32f401xc.o(.text)
    OTG_FS_WKUP_IRQHandler                   0x08000277   Thumb Code     0  startup_stm32f401xc.o(.text)
    PVD_IRQHandler                           0x08000277   Thumb Code     0  startup_stm32f401xc.o(.text)
    RCC_IRQHandler                           0x08000277   Thumb Code     0  startup_stm32f401xc.o(.text)
    RTC_Alarm_IRQHandler                     0x08000277   Thumb Code     0  startup_stm32f401xc.o(.text)
    RTC_WKUP_IRQHandler                      0x08000277   Thumb Code     0  startup_stm32f401xc.o(.text)
    SDIO_IRQHandler                          0x08000277   Thumb Code     0  startup_stm32f401xc.o(.text)
    SPI1_IRQHandler                          0x08000277   Thumb Code     0  startup_stm32f401xc.o(.text)
    SPI2_IRQHandler                          0x08000277   Thumb Code     0  startup_stm32f401xc.o(.text)
    SPI3_IRQHandler                          0x08000277   Thumb Code     0  startup_stm32f401xc.o(.text)
    SPI4_IRQHandler                          0x08000277   Thumb Code     0  startup_stm32f401xc.o(.text)
    TAMP_STAMP_IRQHandler                    0x08000277   Thumb Code     0  startup_stm32f401xc.o(.text)
    TIM1_BRK_TIM9_IRQHandler                 0x08000277   Thumb Code     0  startup_stm32f401xc.o(.text)
    TIM1_CC_IRQHandler                       0x08000277   Thumb Code     0  startup_stm32f401xc.o(.text)
    TIM1_TRG_COM_TIM11_IRQHandler            0x08000277   Thumb Code     0  startup_stm32f401xc.o(.text)
    TIM5_IRQHandler                          0x08000277   Thumb Code     0  startup_stm32f401xc.o(.text)
    USART2_IRQHandler                        0x08000277   Thumb Code     0  startup_stm32f401xc.o(.text)
    USART6_IRQHandler                        0x08000277   Thumb Code     0  startup_stm32f401xc.o(.text)
    WWDG_IRQHandler                          0x08000277   Thumb Code     0  startup_stm32f401xc.o(.text)
    __user_initial_stackheap                 0x08000279   Thumb Code     0  startup_stm32f401xc.o(.text)
    __aeabi_uldivmod                         0x0800029d   Thumb Code     0  lludivv7m.o(.text)
    _ll_udiv                                 0x0800029d   Thumb Code   240  lludivv7m.o(.text)
    sscanf                                   0x0800038d   Thumb Code    52  sscanf.o(.text)
    __aeabi_memclr4                          0x080003c9   Thumb Code     0  rt_memclr_w.o(.text)
    __aeabi_memclr8                          0x080003c9   Thumb Code     0  rt_memclr_w.o(.text)
    __rt_memclr_w                            0x080003c9   Thumb Code    78  rt_memclr_w.o(.text)
    _memset_w                                0x080003cd   Thumb Code     0  rt_memclr_w.o(.text)
    __use_two_region_memory                  0x08000417   Thumb Code     2  heapauxi.o(.text)
    __rt_heap_escrow$2region                 0x08000419   Thumb Code     2  heapauxi.o(.text)
    __rt_heap_expand$2region                 0x0800041b   Thumb Code     2  heapauxi.o(.text)
    _scanf_longlong                          0x0800041d   Thumb Code   342  _scanf_longlong.o(.text)
    _scanf_int                               0x08000573   Thumb Code   332  _scanf_int.o(.text)
    _scanf_string                            0x080006bf   Thumb Code   224  _scanf_str.o(.text)
    __vfscanf_char                           0x080007ad   Thumb Code    24  scanf_char.o(.text)
    _sgetc                                   0x080007cd   Thumb Code    30  _sgetc.o(.text)
    _sbackspace                              0x080007eb   Thumb Code    34  _sgetc.o(.text)
    _scanf_mbtowc                            0x0800080d   Thumb Code   276  _scanf_mbtowc.o(.text)
    _scanf_wctomb                            0x08000921   Thumb Code   232  _scanf_wctomb.o(.text)
    _scanf_wstring                           0x08000a09   Thumb Code   208  _scanf_wstr.o(.text)
    isspace                                  0x08000ad9   Thumb Code    18  isspace.o(.text)
    _chval                                   0x08000aeb   Thumb Code    28  _chval.o(.text)
    __vfscanf                                0x08000b09   Thumb Code   878  _scanf.o(.text)
    _scanf_really_real                       0x080010c9   Thumb Code   684  scanf_fp.o(.text)
    _scanf_wcharmap                          0x08001375   Thumb Code    30  _scanf_wcharmap.o(.text)
    _mbrtoc16                                0x08001393   Thumb Code    64  _mbrtoc16.o(.text)
    _mbrtowc                                 0x08001393   Thumb Code     0  _mbrtoc16.o(.text)
    _c16rtomb                                0x080013d3   Thumb Code    72  _c16rtomb.o(.text)
    _wcrtomb                                 0x080013d3   Thumb Code     0  _c16rtomb.o(.text)
    __user_setup_stackheap                   0x0800141b   Thumb Code    74  sys_stackheap_outer.o(.text)
    __rt_ctype_table                         0x08001465   Thumb Code    16  rt_ctype_table.o(.text)
    __rt_locale                              0x08001475   Thumb Code     8  rt_locale_intlibspace.o(.text)
    __aeabi_errno_addr                       0x0800147d   Thumb Code     8  rt_errno_addr_intlibspace.o(.text)
    __errno$intlibspace                      0x0800147d   Thumb Code     0  rt_errno_addr_intlibspace.o(.text)
    __rt_errno_addr$intlibspace              0x0800147d   Thumb Code     0  rt_errno_addr_intlibspace.o(.text)
    __aeabi_llsl                             0x08001485   Thumb Code     0  llshl.o(.text)
    _ll_shift_l                              0x08001485   Thumb Code    38  llshl.o(.text)
    _btod_etento                             0x080014ad   Thumb Code   224  bigflt0.o(.text)
    exit                                     0x08001591   Thumb Code    18  exit.o(.text)
    __user_libspace                          0x080015a5   Thumb Code     8  libspace.o(.text)
    __user_perproc_libspace                  0x080015a5   Thumb Code     0  libspace.o(.text)
    __user_perthread_libspace                0x080015a5   Thumb Code     0  libspace.o(.text)
    __read_errno                             0x080015ad   Thumb Code    10  _rserrno.o(.text)
    __set_errno                              0x080015b7   Thumb Code    12  _rserrno.o(.text)
    _scanf_really_hex_real                   0x080015c5   Thumb Code   786  scanf_hexfp.o(.text)
    _scanf_really_infnan                     0x080018e5   Thumb Code   292  scanf_infnan.o(.text)
    __sig_exit                               0x08001a19   Thumb Code    10  defsig_exit.o(.text)
    strcmp                                   0x08001a29   Thumb Code   124  strcmpv7em.o(.text)
    _sys_exit                                0x08001aa5   Thumb Code     8  sys_exit.o(.text)
    __default_signal_display                 0x08001ab1   Thumb Code    50  defsig_general.o(.text)
    _ttywrch                                 0x08001ae3   Thumb Code    14  sys_wrch.o(.text)
    __I$use$semihosting                      0x08001af1   Thumb Code     0  use_no_semi.o(.text)
    __use_no_semihosting_swi                 0x08001af1   Thumb Code     2  use_no_semi.o(.text)
    __argv_alloc                             0x08001af3   Thumb Code    34  _get_argv_nomalloc.o(.text)
    __semihosting_library_function           0x08001af3   Thumb Code     0  indicate_semi.o(.text)
    __ARM_get_argv                           0x08001b15   Thumb Code   268  _get_argv_nomalloc.o(.text)
    _sys_command_string                      0x08001c21   Thumb Code    24  sys_command.o(.text)
    __use_no_heap_region                     0x08001c39   Thumb Code     2  hrguard.o(.text)
    __heap_region$guard                      0x08001c3b   Thumb Code     2  hrguard.o(.text)
    __rt_SIGRTMEM_inner                      0x08001c3d   Thumb Code    22  defsig_rtmem_inner.o(.text)
    __rt_SIGRTMEM                            0x08001c8d   Thumb Code    14  defsig_rtmem_outer.o(.text)
    BusFault_Handler                         0x08001c9d   Thumb Code     4  stm32f4xx_it.o(.text.BusFault_Handler)
    DMA1_Stream5_IRQHandler                  0x08001ca1   Thumb Code    16  stm32f4xx_it.o(.text.DMA1_Stream5_IRQHandler)
    DMA2_Stream2_IRQHandler                  0x08001cb1   Thumb Code    16  stm32f4xx_it.o(.text.DMA2_Stream2_IRQHandler)
    DWT_Init                                 0x08001e61   Thumb Code   140  bsp_dwt.o(.text.DWT_Init)
    DebugMon_Handler                         0x08001eed   Thumb Code     2  stm32f4xx_it.o(.text.DebugMon_Handler)
    Emm_V5_Pos_Control                       0x08001ef1   Thumb Code   190  emm_v5.o(.text.Emm_V5_Pos_Control)
    Error_Handler                            0x08001fb1   Thumb Code     6  main.o(.text.Error_Handler)
    HAL_DMA_Abort                            0x08001fb9   Thumb Code   244  stm32f4xx_hal_dma.o(.text.HAL_DMA_Abort)
    HAL_DMA_Abort_IT                         0x080020ad   Thumb Code    68  stm32f4xx_hal_dma.o(.text.HAL_DMA_Abort_IT)
    HAL_DMA_IRQHandler                       0x080020f1   Thumb Code   836  stm32f4xx_hal_dma.o(.text.HAL_DMA_IRQHandler)
    HAL_DMA_Init                             0x08002435   Thumb Code   376  stm32f4xx_hal_dma.o(.text.HAL_DMA_Init)
    HAL_DMA_Start_IT                         0x080025ad   Thumb Code   198  stm32f4xx_hal_dma.o(.text.HAL_DMA_Start_IT)
    HAL_GPIO_Init                            0x08002675   Thumb Code   878  stm32f4xx_hal_gpio.o(.text.HAL_GPIO_Init)
    HAL_GPIO_WritePin                        0x080029e5   Thumb Code    52  stm32f4xx_hal_gpio.o(.text.HAL_GPIO_WritePin)
    HAL_GetTick                              0x08002a19   Thumb Code    12  stm32f4xx_hal.o(.text.HAL_GetTick)
    HAL_IncTick                              0x08002a25   Thumb Code    26  stm32f4xx_hal.o(.text.HAL_IncTick)
    HAL_Init                                 0x08002a41   Thumb Code    60  stm32f4xx_hal.o(.text.HAL_Init)
    HAL_InitTick                             0x08002a7d   Thumb Code   114  stm32f4xx_hal.o(.text.HAL_InitTick)
    HAL_MspInit                              0x08002af1   Thumb Code    74  stm32f4xx_hal_msp.o(.text.HAL_MspInit)
    HAL_NVIC_EnableIRQ                       0x08002b3d   Thumb Code    24  stm32f4xx_hal_cortex.o(.text.HAL_NVIC_EnableIRQ)
    HAL_NVIC_SetPriority                     0x08002b55   Thumb Code    64  stm32f4xx_hal_cortex.o(.text.HAL_NVIC_SetPriority)
    HAL_NVIC_SetPriorityGrouping             0x08002b95   Thumb Code    16  stm32f4xx_hal_cortex.o(.text.HAL_NVIC_SetPriorityGrouping)
    HAL_RCC_ClockConfig                      0x08002ba5   Thumb Code   612  stm32f4xx_hal_rcc.o(.text.HAL_RCC_ClockConfig)
    HAL_RCC_GetHCLKFreq                      0x08002e09   Thumb Code    12  stm32f4xx_hal_rcc.o(.text.HAL_RCC_GetHCLKFreq)
    HAL_RCC_GetPCLK1Freq                     0x08002e15   Thumb Code    34  stm32f4xx_hal_rcc.o(.text.HAL_RCC_GetPCLK1Freq)
    HAL_RCC_GetPCLK2Freq                     0x08002e39   Thumb Code    34  stm32f4xx_hal_rcc.o(.text.HAL_RCC_GetPCLK2Freq)
    HAL_RCC_GetSysClockFreq                  0x08002e5d   Thumb Code   232  stm32f4xx_hal_rcc.o(.text.HAL_RCC_GetSysClockFreq)
    HAL_RCC_OscConfig                        0x08002f45   Thumb Code  1738  stm32f4xx_hal_rcc.o(.text.HAL_RCC_OscConfig)
    HAL_SYSTICK_Config                       0x08003611   Thumb Code    16  stm32f4xx_hal_cortex.o(.text.HAL_SYSTICK_Config)
    HAL_TIMEx_BreakCallback                  0x08003621   Thumb Code     8  stm32f4xx_hal_tim_ex.o(.text.HAL_TIMEx_BreakCallback)
    HAL_TIMEx_CommutCallback                 0x08003629   Thumb Code     8  stm32f4xx_hal_tim_ex.o(.text.HAL_TIMEx_CommutCallback)
    HAL_TIMEx_MasterConfigSynchronization    0x08003631   Thumb Code   254  stm32f4xx_hal_tim_ex.o(.text.HAL_TIMEx_MasterConfigSynchronization)
    HAL_TIM_Base_Init                        0x08003731   Thumb Code   166  stm32f4xx_hal_tim.o(.text.HAL_TIM_Base_Init)
    HAL_TIM_Base_MspInit                     0x080037d9   Thumb Code   302  tim.o(.text.HAL_TIM_Base_MspInit)
    HAL_TIM_Base_Start                       0x08003909   Thumb Code   198  stm32f4xx_hal_tim.o(.text.HAL_TIM_Base_Start)
    HAL_TIM_Base_Start_IT                    0x080039d1   Thumb Code   210  stm32f4xx_hal_tim.o(.text.HAL_TIM_Base_Start_IT)
    HAL_TIM_ConfigClockSource                0x08003aa5   Thumb Code   420  stm32f4xx_hal_tim.o(.text.HAL_TIM_ConfigClockSource)
    HAL_TIM_IC_CaptureCallback               0x08003c49   Thumb Code     8  stm32f4xx_hal_tim.o(.text.HAL_TIM_IC_CaptureCallback)
    HAL_TIM_IRQHandler                       0x08003c51   Thumb Code   546  stm32f4xx_hal_tim.o(.text.HAL_TIM_IRQHandler)
    HAL_TIM_MspPostInit                      0x08003e75   Thumb Code   106  tim.o(.text.HAL_TIM_MspPostInit)
    HAL_TIM_OC_DelayElapsedCallback          0x08003ee1   Thumb Code   284  control_logic.o(.text.HAL_TIM_OC_DelayElapsedCallback)
    HAL_TIM_OC_Stop_IT                       0x08003ffd   Thumb Code   340  stm32f4xx_hal_tim.o(.text.HAL_TIM_OC_Stop_IT)
    HAL_TIM_PWM_ConfigChannel                0x08004151   Thumb Code   322  stm32f4xx_hal_tim.o(.text.HAL_TIM_PWM_ConfigChannel)
    HAL_TIM_PWM_Init                         0x08004295   Thumb Code   166  stm32f4xx_hal_tim.o(.text.HAL_TIM_PWM_Init)
    HAL_TIM_PWM_MspInit                      0x0800433d   Thumb Code     8  stm32f4xx_hal_tim.o(.text.HAL_TIM_PWM_MspInit)
    HAL_TIM_PWM_PulseFinishedCallback        0x08004345   Thumb Code     8  stm32f4xx_hal_tim.o(.text.HAL_TIM_PWM_PulseFinishedCallback)
    HAL_TIM_PWM_Start                        0x0800434d   Thumb Code   388  stm32f4xx_hal_tim.o(.text.HAL_TIM_PWM_Start)
    HAL_TIM_PeriodElapsedCallback            0x080044d1   Thumb Code    44  control_logic.o(.text.HAL_TIM_PeriodElapsedCallback)
    HAL_TIM_TriggerCallback                  0x080044fd   Thumb Code     8  stm32f4xx_hal_tim.o(.text.HAL_TIM_TriggerCallback)
    HAL_UARTEx_ReceiveToIdle_DMA             0x08004505   Thumb Code   190  stm32f4xx_hal_uart.o(.text.HAL_UARTEx_ReceiveToIdle_DMA)
    HAL_UARTEx_RxEventCallback               0x080045c5   Thumb Code    14  stm32f4xx_hal_uart.o(.text.HAL_UARTEx_RxEventCallback)
    HAL_UART_ErrorCallback                   0x080045d5   Thumb Code     8  stm32f4xx_hal_uart.o(.text.HAL_UART_ErrorCallback)
    HAL_UART_IRQHandler                      0x080045dd   Thumb Code  1134  stm32f4xx_hal_uart.o(.text.HAL_UART_IRQHandler)
    HAL_UART_Init                            0x08004a4d   Thumb Code   164  stm32f4xx_hal_uart.o(.text.HAL_UART_Init)
    HAL_UART_MspInit                         0x08004af1   Thumb Code   462  usart.o(.text.HAL_UART_MspInit)
    HAL_UART_Receive_IT                      0x08004cc1   Thumb Code    92  stm32f4xx_hal_uart.o(.text.HAL_UART_Receive_IT)
    HAL_UART_RxCpltCallback                  0x08004d1d   Thumb Code   174  usart.o(.text.HAL_UART_RxCpltCallback)
    HAL_UART_RxHalfCpltCallback              0x08004dcd   Thumb Code     8  stm32f4xx_hal_uart.o(.text.HAL_UART_RxHalfCpltCallback)
    HAL_UART_Transmit                        0x08004dd5   Thumb Code   320  stm32f4xx_hal_uart.o(.text.HAL_UART_Transmit)
    HAL_UART_TxCpltCallback                  0x08004f15   Thumb Code     8  stm32f4xx_hal_uart.o(.text.HAL_UART_TxCpltCallback)
    HardFault_Handler                        0x08004f1d   Thumb Code     4  stm32f4xx_it.o(.text.HardFault_Handler)
    MX_DMA_Init                              0x08004f21   Thumb Code   114  dma.o(.text.MX_DMA_Init)
    MX_GPIO_Init                             0x08004f95   Thumb Code   164  gpio.o(.text.MX_GPIO_Init)
    MX_TIM1_Init                             0x08005039   Thumb Code   138  tim.o(.text.MX_TIM1_Init)
    MX_TIM2_Init                             0x080050c5   Thumb Code   134  tim.o(.text.MX_TIM2_Init)
    MX_TIM3_Init                             0x0800514d   Thumb Code   138  tim.o(.text.MX_TIM3_Init)
    MX_TIM4_Init                             0x080051d9   Thumb Code   232  tim.o(.text.MX_TIM4_Init)
    MX_USART1_UART_Init                      0x080052c1   Thumb Code    60  usart.o(.text.MX_USART1_UART_Init)
    MX_USART2_UART_Init                      0x080052fd   Thumb Code    60  usart.o(.text.MX_USART2_UART_Init)
    Magnet_Off                               0x08005339   Thumb Code    18  servo.o(.text.Magnet_Off)
    Magnet_On                                0x0800534d   Thumb Code    18  servo.o(.text.Magnet_On)
    MemManage_Handler                        0x08005361   Thumb Code     4  stm32f4xx_it.o(.text.MemManage_Handler)
    NMI_Handler                              0x08005365   Thumb Code     4  stm32f4xx_it.o(.text.NMI_Handler)
    PendSV_Handler                           0x080053d9   Thumb Code     2  stm32f4xx_it.o(.text.PendSV_Handler)
    Place_Chess_Process                      0x080053dd   Thumb Code   704  control.o(.text.Place_Chess_Process)
    Robot_Process                            0x0800569d   Thumb Code   100  system.o(.text.Robot_Process)
    SVC_Handler                              0x08005701   Thumb Code     2  stm32f4xx_it.o(.text.SVC_Handler)
    Servo_Down                               0x08005705   Thumb Code    16  servo.o(.text.Servo_Down)
    Servo_Up                                 0x08005715   Thumb Code    18  servo.o(.text.Servo_Up)
    SysTick_Handler                          0x0800577d   Thumb Code     8  stm32f4xx_it.o(.text.SysTick_Handler)
    SystemClock_Config                       0x08005785   Thumb Code   194  main.o(.text.SystemClock_Config)
    SystemInit                               0x08005849   Thumb Code    18  system_stm32f4xx.o(.text.SystemInit)
    TIM1_UP_TIM10_IRQHandler                 0x0800585d   Thumb Code    16  stm32f4xx_it.o(.text.TIM1_UP_TIM10_IRQHandler)
    TIM2_IRQHandler                          0x0800586d   Thumb Code    16  stm32f4xx_it.o(.text.TIM2_IRQHandler)
    TIM3_IRQHandler                          0x0800587d   Thumb Code    16  stm32f4xx_it.o(.text.TIM3_IRQHandler)
    TIM4_IRQHandler                          0x0800588d   Thumb Code    16  stm32f4xx_it.o(.text.TIM4_IRQHandler)
    TIM_Base_SetConfig                       0x0800589d   Thumb Code   324  stm32f4xx_hal_tim.o(.text.TIM_Base_SetConfig)
    TIM_CCxChannelCmd                        0x080059e1   Thumb Code    56  stm32f4xx_hal_tim.o(.text.TIM_CCxChannelCmd)
    TIM_ETR_SetConfig                        0x08005a19   Thumb Code    52  stm32f4xx_hal_tim.o(.text.TIM_ETR_SetConfig)
    TIM_OC2_SetConfig                        0x08005b45   Thumb Code   212  stm32f4xx_hal_tim.o(.text.TIM_OC2_SetConfig)
    UART_Start_Receive_DMA                   0x080063a5   Thumb Code   314  stm32f4xx_hal_uart.o(.text.UART_Start_Receive_DMA)
    UART_Start_Receive_IT                    0x080064e1   Thumb Code   102  stm32f4xx_hal_uart.o(.text.UART_Start_Receive_IT)
    USART1_IRQHandler                        0x080066c1   Thumb Code    16  stm32f4xx_it.o(.text.USART1_IRQHandler)
    UsageFault_Handler                       0x080066d1   Thumb Code     4  stm32f4xx_it.o(.text.UsageFault_Handler)
    control_t_is_busy                        0x08006799   Thumb Code    12  control.o(.text.control_t_is_busy)
    control_t_process                        0x080067a5   Thumb Code   412  control.o(.text.control_t_process)
    control_t_start                          0x08006941   Thumb Code    62  control.o(.text.control_t_start)
    dequeue_command                          0x08006981   Thumb Code   200  decode.o(.text.dequeue_command)
    main                                     0x08006b5d   Thumb Code   274  main.o(.text.main)
    parse_command                            0x08006c71   Thumb Code   226  decode.o(.text.parse_command)
    stepper_stop                             0x08006d55   Thumb Code    36  stepper_motor.o(.text.stepper_stop)
    usart2_SendCmd                           0x08006d79   Thumb Code    82  bsp_uart.o(.text.usart2_SendCmd)
    __btod_div_common                        0x08006dcb   Thumb Code   696  btod.o(CL$$btod_div_common)
    _e2d                                     0x08007105   Thumb Code   122  btod.o(CL$$btod_e2d)
    _e2e                                     0x08007189   Thumb Code   220  btod.o(CL$$btod_e2e)
    _btod_ediv                               0x08007265   Thumb Code    42  btod.o(CL$$btod_ediv)
    _btod_edivd                              0x0800728f   Thumb Code    42  btod.o(CL$$btod_edivd)
    _btod_emul                               0x080072b9   Thumb Code    42  btod.o(CL$$btod_emul)
    _btod_emuld                              0x080072e3   Thumb Code    42  btod.o(CL$$btod_emuld)
    __btod_mult_common                       0x0800730d   Thumb Code   580  btod.o(CL$$btod_mult_common)
    __hardfp___mathlib_tofloat               0x08007551   Thumb Code   232  narrow.o(i.__hardfp___mathlib_tofloat)
    __hardfp_ldexp                           0x08007649   Thumb Code   200  ldexp.o(i.__hardfp_ldexp)
    __mathlib_dbl_overflow                   0x08007719   Thumb Code    24  dunder.o(i.__mathlib_dbl_overflow)
    __mathlib_dbl_underflow                  0x08007739   Thumb Code    24  dunder.o(i.__mathlib_dbl_underflow)
    __mathlib_narrow                         0x08007759   Thumb Code    18  narrow.o(i.__mathlib_narrow)
    __support_ldexp                          0x0800776b   Thumb Code    20  ldexp.o(i.__support_ldexp)
    _is_digit                                0x0800777f   Thumb Code    14  scanf_fp.o(i._is_digit)
    frexp                                    0x08007791   Thumb Code   118  frexp.o(i.frexp)
    _get_lc_numeric                          0x0800781d   Thumb Code    44  lc_numeric_c.o(locale$$code)
    _get_lc_ctype                            0x08007849   Thumb Code    44  lc_ctype_c.o(locale$$code)
    __aeabi_d2f                              0x08007875   Thumb Code     0  d2f.o(x$fpl$d2f)
    _d2f                                     0x08007875   Thumb Code    98  d2f.o(x$fpl$d2f)
    __fpl_dcheck_NaN1                        0x080078d9   Thumb Code    10  dcheck1.o(x$fpl$dcheck1)
    __fpl_dcmp_Inf                           0x080078e9   Thumb Code    24  dcmpi.o(x$fpl$dcmpinf)
    __aeabi_cdcmpeq                          0x08007901   Thumb Code     0  deqf.o(x$fpl$deqf)
    _dcmpeq                                  0x08007901   Thumb Code   120  deqf.o(x$fpl$deqf)
    __aeabi_cdcmple                          0x08007979   Thumb Code     0  dleqf.o(x$fpl$dleqf)
    _dcmple                                  0x08007979   Thumb Code   120  dleqf.o(x$fpl$dleqf)
    __fpl_dcmple_InfNaN                      0x080079db   Thumb Code     0  dleqf.o(x$fpl$dleqf)
    __aeabi_dmul                             0x080079f1   Thumb Code     0  dmul.o(x$fpl$dmul)
    _dmul                                    0x080079f1   Thumb Code   332  dmul.o(x$fpl$dmul)
    __fpl_dnaninf                            0x08007b45   Thumb Code   156  dnaninf.o(x$fpl$dnaninf)
    __fpl_dretinf                            0x08007be1   Thumb Code    12  dretinf.o(x$fpl$dretinf)
    __aeabi_cdrcmple                         0x08007bed   Thumb Code     0  drleqf.o(x$fpl$drleqf)
    _drcmple                                 0x08007bed   Thumb Code   108  drleqf.o(x$fpl$drleqf)
    _fp_init                                 0x08007c59   Thumb Code    26  fpinit.o(x$fpl$fpinit)
    __fplib_config_fpu_vfp                   0x08007c71   Thumb Code     0  fpinit.o(x$fpl$fpinit)
    __fplib_config_pureend_doubles           0x08007c71   Thumb Code     0  fpinit.o(x$fpl$fpinit)
    __fpl_fretinf                            0x08007c73   Thumb Code    10  fretinf.o(x$fpl$fretinf)
    __ieee_status                            0x08007c7d   Thumb Code     6  istatus.o(x$fpl$ieeestatus)
    __fpl_return_NaN                         0x08007c83   Thumb Code   100  retnan.o(x$fpl$retnan)
    __ARM_scalbn                             0x08007ce7   Thumb Code    92  scalbn.o(x$fpl$scalbn)
    _scanf_real                              0x08007d43   Thumb Code     4  scanf1.o(x$fpl$scanf1)
    _scanf_hex_real                          0x08007d47   Thumb Code     4  scanf2.o(x$fpl$scanf2)
    _scanf_infnan                            0x08007d4b   Thumb Code     4  scanf2.o(x$fpl$scanf2)
    __fpl_cmpreturn                          0x08007d4f   Thumb Code    48  trapv.o(x$fpl$trapveneer)
    __I$use$fp                               0x08007d7e   Number         0  usenofp.o(x$fpl$usenofp)
    AHBPrescTable                            0x08007e14   Data          16  system_stm32f4xx.o(.rodata.AHBPrescTable)
    APBPrescTable                            0x08007e24   Data           8  system_stm32f4xx.o(.rodata.APBPrescTable)
    Region$$Table$$Base                      0x08007e60   Number         0  anon$$obj.o(Region$$Table)
    Region$$Table$$Limit                     0x08007e80   Number         0  anon$$obj.o(Region$$Table)
    __aeabi_HUGE_VAL                         0x08007e80   Data           0  fpconst.o(c$$dinf)
    __aeabi_HUGE_VALL                        0x08007e80   Data           0  fpconst.o(c$$dinf)
    __aeabi_INFINITY                         0x08007e80   Data           0  fpconst.o(c$$dinf)
    __dInf                                   0x08007e80   Data           0  fpconst.o(c$$dinf)
    __huge_val                               0x08007e80   Data           0  fpconst.o(c$$dinf)
    __dbl_max                                0x08007e88   Data           0  fpconst.o(c$$dmax)
    __ctype                                  0x08007eb9   Data           0  lc_ctype_c.o(locale$$data)
    SystemCoreClock                          0x20000000   Data           4  system_stm32f4xx.o(.data.SystemCoreClock)
    motor_ctrl                               0x20000004   Data          20  control.o(.data.motor_ctrl)
    raf                                      0x20000018   Data           1  control.o(.data.raf)
    uwTickFreq                               0x20000019   Data           1  stm32f4xx_hal.o(.data.uwTickFreq)
    uwTickPrio                               0x2000001c   Data           4  stm32f4xx_hal.o(.data.uwTickPrio)
    velocity                                 0x20000020   Data           2  control.o(.data.velocity)
    __libspace_start                         0x20000028   Data          96  libspace.o(.bss)
    __temporary_stack_top$libspace           0x20000088   Data           0  libspace.o(.bss)
    acc                                      0x20000098   Data           2  control.o(.bss.acc)
    count                                    0x2000009a   Data           1  main.o(.bss.count)
    current_time                             0x2000009c   Data           4  control.o(.bss.current_time)
    deploy_enqueue_flag                      0x200000c3   Data           1  decode.o(.bss.deploy_enqueue_flag)
    dst_idx                                  0x200000c4   Data           1  main.o(.bss.dst_idx)
    g_count_val1                             0x200000c8   Data           4  control_logic.o(.bss.g_count_val1)
    g_stepperx                               0x200000cc   Data          16  stepper_motor.o(.bss.g_stepperx)
    g_steppery                               0x200000dc   Data          16  stepper_motor.o(.bss.g_steppery)
    hdma_usart1_rx                           0x200000ec   Data          96  usart.o(.bss.hdma_usart1_rx)
    hdma_usart2_rx                           0x2000014c   Data          96  usart.o(.bss.hdma_usart2_rx)
    htim1                                    0x200001ac   Data          72  tim.o(.bss.htim1)
    htim2                                    0x200001f4   Data          72  tim.o(.bss.htim2)
    htim3                                    0x2000023c   Data          72  tim.o(.bss.htim3)
    htim4                                    0x20000284   Data          72  tim.o(.bss.htim4)
    huart1                                   0x200002cc   Data          72  usart.o(.bss.huart1)
    huart2                                   0x20000314   Data          72  usart.o(.bss.huart2)
    i1                                       0x2000035c   Data           1  control_logic.o(.bss.i1)
    parse_count                              0x2000035d   Data           1  decode.o(.bss.parse_count)
    parse_count_all                          0x2000035e   Data           1  decode.o(.bss.parse_count_all)
    parse_count_err                          0x2000035f   Data           1  decode.o(.bss.parse_count_err)
    parse_count_full                         0x20000360   Data           1  decode.o(.bss.parse_count_full)
    place_ctrl                               0x20000364   Data          28  control.o(.bss.place_ctrl)
    recover_enqueue_flag                     0x200003a3   Data           1  decode.o(.bss.recover_enqueue_flag)
    res                                      0x200003a4   Data           1  main.o(.bss.res)
    robot                                    0x200003a8   Data          52  system.o(.bss.robot)
    rx2_buffer                               0x200003dc   Data         128  bsp_uart.o(.bss.rx2_buffer)
    rx_byte                                  0x2000047c   Data           1  usart.o(.bss.rx_byte)
    src_idx                                  0x2000047e   Data           1  main.o(.bss.src_idx)
    temp_cmd                                 0x2000047f   Data           2  main.o(.bss.temp_cmd)
    temp_count                               0x20000481   Data           1  usart.o(.bss.temp_count)
    uwTick                                   0x20000484   Data           4  stm32f4xx_hal.o(.bss.uwTick)



==============================================================================

Memory Map of the image

  Image Entry point : 0x08000195

  Load Region LR_IROM1 (Base: 0x08000000, Size: 0x00007fe8, Max: 0x00040000, ABSOLUTE)

    Execution Region ER_IROM1 (Exec base: 0x08000000, Load base: 0x08000000, Size: 0x00007fbc, Max: 0x00040000, ABSOLUTE)

    Exec Addr    Load Addr    Size         Type   Attr      Idx    E Section Name        Object

    0x08000000   0x08000000   0x00000194   Data   RO            3    RESET               startup_stm32f401xc.o
    0x08000194   0x08000194   0x00000008   Code   RO         1359  * !!!main             c_w.l(__main.o)
    0x0800019c   0x0800019c   0x00000034   Code   RO         1752    !!!scatter          c_w.l(__scatter.o)
    0x080001d0   0x080001d0   0x0000001a   Code   RO         1754    !!handler_copy      c_w.l(__scatter_copy.o)
    0x080001ea   0x080001ea   0x00000002   PAD
    0x080001ec   0x080001ec   0x0000001c   Code   RO         1756    !!handler_zi        c_w.l(__scatter_zi.o)
    0x08000208   0x08000208   0x00000002   Code   RO         1496    .ARM.Collect$$libinit$$00000000  c_w.l(libinit.o)
    0x0800020a   0x0800020a   0x00000004   Code   RO         1560    .ARM.Collect$$libinit$$00000001  c_w.l(libinit2.o)
    0x0800020e   0x0800020e   0x00000000   Code   RO         1563    .ARM.Collect$$libinit$$00000004  c_w.l(libinit2.o)
    0x0800020e   0x0800020e   0x00000000   Code   RO         1566    .ARM.Collect$$libinit$$0000000A  c_w.l(libinit2.o)
    0x0800020e   0x0800020e   0x00000000   Code   RO         1568    .ARM.Collect$$libinit$$0000000C  c_w.l(libinit2.o)
    0x0800020e   0x0800020e   0x00000000   Code   RO         1570    .ARM.Collect$$libinit$$0000000E  c_w.l(libinit2.o)
    0x0800020e   0x0800020e   0x00000006   Code   RO         1571    .ARM.Collect$$libinit$$0000000F  c_w.l(libinit2.o)
    0x08000214   0x08000214   0x00000000   Code   RO         1573    .ARM.Collect$$libinit$$00000011  c_w.l(libinit2.o)
    0x08000214   0x08000214   0x0000000c   Code   RO         1574    .ARM.Collect$$libinit$$00000012  c_w.l(libinit2.o)
    0x08000220   0x08000220   0x00000000   Code   RO         1575    .ARM.Collect$$libinit$$00000013  c_w.l(libinit2.o)
    0x08000220   0x08000220   0x00000000   Code   RO         1577    .ARM.Collect$$libinit$$00000015  c_w.l(libinit2.o)
    0x08000220   0x08000220   0x0000000a   Code   RO         1578    .ARM.Collect$$libinit$$00000016  c_w.l(libinit2.o)
    0x0800022a   0x0800022a   0x00000000   Code   RO         1579    .ARM.Collect$$libinit$$00000017  c_w.l(libinit2.o)
    0x0800022a   0x0800022a   0x00000000   Code   RO         1581    .ARM.Collect$$libinit$$00000019  c_w.l(libinit2.o)
    0x0800022a   0x0800022a   0x00000000   Code   RO         1583    .ARM.Collect$$libinit$$0000001B  c_w.l(libinit2.o)
    0x0800022a   0x0800022a   0x00000000   Code   RO         1585    .ARM.Collect$$libinit$$0000001D  c_w.l(libinit2.o)
    0x0800022a   0x0800022a   0x00000000   Code   RO         1587    .ARM.Collect$$libinit$$0000001F  c_w.l(libinit2.o)
    0x0800022a   0x0800022a   0x00000000   Code   RO         1589    .ARM.Collect$$libinit$$00000021  c_w.l(libinit2.o)
    0x0800022a   0x0800022a   0x00000000   Code   RO         1591    .ARM.Collect$$libinit$$00000023  c_w.l(libinit2.o)
    0x0800022a   0x0800022a   0x00000000   Code   RO         1593    .ARM.Collect$$libinit$$00000025  c_w.l(libinit2.o)
    0x0800022a   0x0800022a   0x00000008   Code   RO         1595    .ARM.Collect$$libinit$$00000027  c_w.l(libinit2.o)
    0x08000232   0x08000232   0x00000000   Code   RO         1599    .ARM.Collect$$libinit$$0000002E  c_w.l(libinit2.o)
    0x08000232   0x08000232   0x00000000   Code   RO         1601    .ARM.Collect$$libinit$$00000030  c_w.l(libinit2.o)
    0x08000232   0x08000232   0x00000000   Code   RO         1603    .ARM.Collect$$libinit$$00000032  c_w.l(libinit2.o)
    0x08000232   0x08000232   0x00000002   Code   RO         1604    .ARM.Collect$$libinit$$00000033  c_w.l(libinit2.o)
    0x08000234   0x08000234   0x00000002   Code   RO         1678    .ARM.Collect$$libshutdown$$00000000  c_w.l(libshutdown.o)
    0x08000236   0x08000236   0x00000000   Code   RO         1723    .ARM.Collect$$libshutdown$$00000002  c_w.l(libshutdown2.o)
    0x08000236   0x08000236   0x00000000   Code   RO         1725    .ARM.Collect$$libshutdown$$00000004  c_w.l(libshutdown2.o)
    0x08000236   0x08000236   0x00000000   Code   RO         1728    .ARM.Collect$$libshutdown$$00000007  c_w.l(libshutdown2.o)
    0x08000236   0x08000236   0x00000000   Code   RO         1731    .ARM.Collect$$libshutdown$$0000000A  c_w.l(libshutdown2.o)
    0x08000236   0x08000236   0x00000000   Code   RO         1733    .ARM.Collect$$libshutdown$$0000000C  c_w.l(libshutdown2.o)
    0x08000236   0x08000236   0x00000000   Code   RO         1736    .ARM.Collect$$libshutdown$$0000000F  c_w.l(libshutdown2.o)
    0x08000236   0x08000236   0x00000002   Code   RO         1737    .ARM.Collect$$libshutdown$$00000010  c_w.l(libshutdown2.o)
    0x08000238   0x08000238   0x00000000   Code   RO         1371    .ARM.Collect$$rtentry$$00000000  c_w.l(__rtentry.o)
    0x08000238   0x08000238   0x00000000   Code   RO         1400    .ARM.Collect$$rtentry$$00000002  c_w.l(__rtentry2.o)
    0x08000238   0x08000238   0x00000006   Code   RO         1412    .ARM.Collect$$rtentry$$00000004  c_w.l(__rtentry4.o)
    0x0800023e   0x0800023e   0x00000000   Code   RO         1402    .ARM.Collect$$rtentry$$00000009  c_w.l(__rtentry2.o)
    0x0800023e   0x0800023e   0x00000004   Code   RO         1403    .ARM.Collect$$rtentry$$0000000A  c_w.l(__rtentry2.o)
    0x08000242   0x08000242   0x00000000   Code   RO         1405    .ARM.Collect$$rtentry$$0000000C  c_w.l(__rtentry2.o)
    0x08000242   0x08000242   0x00000008   Code   RO         1406    .ARM.Collect$$rtentry$$0000000D  c_w.l(__rtentry2.o)
    0x0800024a   0x0800024a   0x00000002   Code   RO         1520    .ARM.Collect$$rtexit$$00000000  c_w.l(rtexit.o)
    0x0800024c   0x0800024c   0x00000000   Code   RO         1622    .ARM.Collect$$rtexit$$00000002  c_w.l(rtexit2.o)
    0x0800024c   0x0800024c   0x00000004   Code   RO         1623    .ARM.Collect$$rtexit$$00000003  c_w.l(rtexit2.o)
    0x08000250   0x08000250   0x00000006   Code   RO         1624    .ARM.Collect$$rtexit$$00000004  c_w.l(rtexit2.o)
    0x08000256   0x08000256   0x00000002   PAD
    0x08000258   0x08000258   0x00000004   Code   RO         1635    .emb_text           c_w.l(argv_veneer.o)
    0x0800025c   0x0800025c   0x00000040   Code   RO            4    .text               startup_stm32f401xc.o
    0x0800029c   0x0800029c   0x000000f0   Code   RO         1351    .text               c_w.l(lludivv7m.o)
    0x0800038c   0x0800038c   0x0000003c   Code   RO         1353    .text               c_w.l(sscanf.o)
    0x080003c8   0x080003c8   0x0000004e   Code   RO         1355    .text               c_w.l(rt_memclr_w.o)
    0x08000416   0x08000416   0x00000006   Code   RO         1357    .text               c_w.l(heapauxi.o)
    0x0800041c   0x0800041c   0x00000156   Code   RO         1376    .text               c_w.l(_scanf_longlong.o)
    0x08000572   0x08000572   0x0000014c   Code   RO         1378    .text               c_w.l(_scanf_int.o)
    0x080006be   0x080006be   0x000000e0   Code   RO         1380    .text               c_w.l(_scanf_str.o)
    0x0800079e   0x0800079e   0x00000002   PAD
    0x080007a0   0x080007a0   0x0000002c   Code   RO         1382    .text               c_w.l(scanf_char.o)
    0x080007cc   0x080007cc   0x00000040   Code   RO         1384    .text               c_w.l(_sgetc.o)
    0x0800080c   0x0800080c   0x00000114   Code   RO         1386    .text               c_w.l(_scanf_mbtowc.o)
    0x08000920   0x08000920   0x000000e8   Code   RO         1388    .text               c_w.l(_scanf_wctomb.o)
    0x08000a08   0x08000a08   0x000000d0   Code   RO         1390    .text               c_w.l(_scanf_wstr.o)
    0x08000ad8   0x08000ad8   0x00000012   Code   RO         1416    .text               c_w.l(isspace.o)
    0x08000aea   0x08000aea   0x0000001c   Code   RO         1418    .text               c_w.l(_chval.o)
    0x08000b06   0x08000b06   0x00000002   PAD
    0x08000b08   0x08000b08   0x00000374   Code   RO         1420    .text               c_w.l(_scanf.o)
    0x08000e7c   0x08000e7c   0x000004f8   Code   RO         1422    .text               c_w.l(scanf_fp.o)
    0x08001374   0x08001374   0x0000001e   Code   RO         1428    .text               c_w.l(_scanf_wcharmap.o)
    0x08001392   0x08001392   0x00000040   Code   RO         1430    .text               c_w.l(_mbrtoc16.o)
    0x080013d2   0x080013d2   0x00000048   Code   RO         1432    .text               c_w.l(_c16rtomb.o)
    0x0800141a   0x0800141a   0x0000004a   Code   RO         1434    .text               c_w.l(sys_stackheap_outer.o)
    0x08001464   0x08001464   0x00000010   Code   RO         1436    .text               c_w.l(rt_ctype_table.o)
    0x08001474   0x08001474   0x00000008   Code   RO         1441    .text               c_w.l(rt_locale_intlibspace.o)
    0x0800147c   0x0800147c   0x00000008   Code   RO         1446    .text               c_w.l(rt_errno_addr_intlibspace.o)
    0x08001484   0x08001484   0x00000026   Code   RO         1448    .text               c_w.l(llshl.o)
    0x080014aa   0x080014aa   0x00000002   PAD
    0x080014ac   0x080014ac   0x000000e4   Code   RO         1452    .text               c_w.l(bigflt0.o)
    0x08001590   0x08001590   0x00000012   Code   RO         1483    .text               c_w.l(exit.o)
    0x080015a2   0x080015a2   0x00000002   PAD
    0x080015a4   0x080015a4   0x00000008   Code   RO         1517    .text               c_w.l(libspace.o)
    0x080015ac   0x080015ac   0x00000016   Code   RO         1524    .text               c_w.l(_rserrno.o)
    0x080015c2   0x080015c2   0x00000002   PAD
    0x080015c4   0x080015c4   0x00000320   Code   RO         1545    .text               c_w.l(scanf_hexfp.o)
    0x080018e4   0x080018e4   0x00000134   Code   RO         1547    .text               c_w.l(scanf_infnan.o)
    0x08001a18   0x08001a18   0x0000000a   Code   RO         1554    .text               c_w.l(defsig_exit.o)
    0x08001a22   0x08001a22   0x00000006   PAD
    0x08001a28   0x08001a28   0x0000007c   Code   RO         1558    .text               c_w.l(strcmpv7em.o)
    0x08001aa4   0x08001aa4   0x0000000c   Code   RO         1617    .text               c_w.l(sys_exit.o)
    0x08001ab0   0x08001ab0   0x00000032   Code   RO         1633    .text               c_w.l(defsig_general.o)
    0x08001ae2   0x08001ae2   0x0000000e   Code   RO         1663    .text               c_w.l(sys_wrch.o)
    0x08001af0   0x08001af0   0x00000002   Code   RO         1667    .text               c_w.l(use_no_semi.o)
    0x08001af2   0x08001af2   0x00000000   Code   RO         1669    .text               c_w.l(indicate_semi.o)
    0x08001af2   0x08001af2   0x0000012e   Code   RO         1674    .text               c_w.l(_get_argv_nomalloc.o)
    0x08001c20   0x08001c20   0x00000018   Code   RO         1696    .text               c_w.l(sys_command.o)
    0x08001c38   0x08001c38   0x00000004   Code   RO         1700    .text               c_w.l(hrguard.o)
    0x08001c3c   0x08001c3c   0x00000050   Code   RO         1706    .text               c_w.l(defsig_rtmem_inner.o)
    0x08001c8c   0x08001c8c   0x0000000e   Code   RO         1708    .text               c_w.l(defsig_rtmem_outer.o)
    0x08001c9a   0x08001c9a   0x00000002   PAD
    0x08001c9c   0x08001c9c   0x00000004   Code   RO          101    .text.BusFault_Handler  stm32f4xx_it.o
    0x08001ca0   0x08001ca0   0x00000010   Code   RO          113    .text.DMA1_Stream5_IRQHandler  stm32f4xx_it.o
    0x08001cb0   0x08001cb0   0x00000010   Code   RO          125    .text.DMA2_Stream2_IRQHandler  stm32f4xx_it.o
    0x08001cc0   0x08001cc0   0x00000056   Code   RO          668    .text.DMA_CalcBaseAndBitshift  stm32f4xx_hal_dma.o
    0x08001d16   0x08001d16   0x00000002   PAD
    0x08001d18   0x08001d18   0x000000f8   Code   RO          666    .text.DMA_CheckFifoParam  stm32f4xx_hal_dma.o
    0x08001e10   0x08001e10   0x00000050   Code   RO          674    .text.DMA_SetConfig  stm32f4xx_hal_dma.o
    0x08001e60   0x08001e60   0x0000008c   Code   RO         1226    .text.DWT_Init      bsp_dwt.o
    0x08001eec   0x08001eec   0x00000002   Code   RO          107    .text.DebugMon_Handler  stm32f4xx_it.o
    0x08001eee   0x08001eee   0x00000002   PAD
    0x08001ef0   0x08001ef0   0x000000be   Code   RO         1302    .text.Emm_V5_Pos_Control  emm_v5.o
    0x08001fae   0x08001fae   0x00000002   PAD
    0x08001fb0   0x08001fb0   0x00000006   Code   RO           15    .text.Error_Handler  main.o
    0x08001fb6   0x08001fb6   0x00000002   PAD
    0x08001fb8   0x08001fb8   0x000000f4   Code   RO          678    .text.HAL_DMA_Abort  stm32f4xx_hal_dma.o
    0x080020ac   0x080020ac   0x00000044   Code   RO          680    .text.HAL_DMA_Abort_IT  stm32f4xx_hal_dma.o
    0x080020f0   0x080020f0   0x00000344   Code   RO          684    .text.HAL_DMA_IRQHandler  stm32f4xx_hal_dma.o
    0x08002434   0x08002434   0x00000178   Code   RO          664    .text.HAL_DMA_Init  stm32f4xx_hal_dma.o
    0x080025ac   0x080025ac   0x000000c6   Code   RO          676    .text.HAL_DMA_Start_IT  stm32f4xx_hal_dma.o
    0x08002672   0x08002672   0x00000002   PAD
    0x08002674   0x08002674   0x0000036e   Code   RO          626    .text.HAL_GPIO_Init  stm32f4xx_hal_gpio.o
    0x080029e2   0x080029e2   0x00000002   PAD
    0x080029e4   0x080029e4   0x00000034   Code   RO          632    .text.HAL_GPIO_WritePin  stm32f4xx_hal_gpio.o
    0x08002a18   0x08002a18   0x0000000c   Code   RO          859    .text.HAL_GetTick   stm32f4xx_hal.o
    0x08002a24   0x08002a24   0x0000001a   Code   RO          857    .text.HAL_IncTick   stm32f4xx_hal.o
    0x08002a3e   0x08002a3e   0x00000002   PAD
    0x08002a40   0x08002a40   0x0000003c   Code   RO          847    .text.HAL_Init      stm32f4xx_hal.o
    0x08002a7c   0x08002a7c   0x00000072   Code   RO          849    .text.HAL_InitTick  stm32f4xx_hal.o
    0x08002aee   0x08002aee   0x00000002   PAD
    0x08002af0   0x08002af0   0x0000004a   Code   RO          134    .text.HAL_MspInit   stm32f4xx_hal_msp.o
    0x08002b3a   0x08002b3a   0x00000002   PAD
    0x08002b3c   0x08002b3c   0x00000018   Code   RO          782    .text.HAL_NVIC_EnableIRQ  stm32f4xx_hal_cortex.o
    0x08002b54   0x08002b54   0x00000040   Code   RO          774    .text.HAL_NVIC_SetPriority  stm32f4xx_hal_cortex.o
    0x08002b94   0x08002b94   0x00000010   Code   RO          770    .text.HAL_NVIC_SetPriorityGrouping  stm32f4xx_hal_cortex.o
    0x08002ba4   0x08002ba4   0x00000264   Code   RO          482    .text.HAL_RCC_ClockConfig  stm32f4xx_hal_rcc.o
    0x08002e08   0x08002e08   0x0000000c   Code   RO          492    .text.HAL_RCC_GetHCLKFreq  stm32f4xx_hal_rcc.o
    0x08002e14   0x08002e14   0x00000022   Code   RO          494    .text.HAL_RCC_GetPCLK1Freq  stm32f4xx_hal_rcc.o
    0x08002e36   0x08002e36   0x00000002   PAD
    0x08002e38   0x08002e38   0x00000022   Code   RO          496    .text.HAL_RCC_GetPCLK2Freq  stm32f4xx_hal_rcc.o
    0x08002e5a   0x08002e5a   0x00000002   PAD
    0x08002e5c   0x08002e5c   0x000000e8   Code   RO          484    .text.HAL_RCC_GetSysClockFreq  stm32f4xx_hal_rcc.o
    0x08002f44   0x08002f44   0x000006ca   Code   RO          480    .text.HAL_RCC_OscConfig  stm32f4xx_hal_rcc.o
    0x0800360e   0x0800360e   0x00000002   PAD
    0x08003610   0x08003610   0x00000010   Code   RO          794    .text.HAL_SYSTICK_Config  stm32f4xx_hal_cortex.o
    0x08003620   0x08003620   0x00000008   Code   RO          465    .text.HAL_TIMEx_BreakCallback  stm32f4xx_hal_tim_ex.o
    0x08003628   0x08003628   0x00000008   Code   RO          461    .text.HAL_TIMEx_CommutCallback  stm32f4xx_hal_tim_ex.o
    0x08003630   0x08003630   0x000000fe   Code   RO          455    .text.HAL_TIMEx_MasterConfigSynchronization  stm32f4xx_hal_tim_ex.o
    0x0800372e   0x0800372e   0x00000002   PAD
    0x08003730   0x08003730   0x000000a6   Code   RO          142    .text.HAL_TIM_Base_Init  stm32f4xx_hal_tim.o
    0x080037d6   0x080037d6   0x00000002   PAD
    0x080037d8   0x080037d8   0x0000012e   Code   RO           55    .text.HAL_TIM_Base_MspInit  tim.o
    0x08003906   0x08003906   0x00000002   PAD
    0x08003908   0x08003908   0x000000c6   Code   RO          152    .text.HAL_TIM_Base_Start  stm32f4xx_hal_tim.o
    0x080039ce   0x080039ce   0x00000002   PAD
    0x080039d0   0x080039d0   0x000000d2   Code   RO          156    .text.HAL_TIM_Base_Start_IT  stm32f4xx_hal_tim.o
    0x08003aa2   0x08003aa2   0x00000002   PAD
    0x08003aa4   0x08003aa4   0x000001a4   Code   RO          334    .text.HAL_TIM_ConfigClockSource  stm32f4xx_hal_tim.o
    0x08003c48   0x08003c48   0x00000008   Code   RO          278    .text.HAL_TIM_IC_CaptureCallback  stm32f4xx_hal_tim.o
    0x08003c50   0x08003c50   0x00000222   Code   RO          276    .text.HAL_TIM_IRQHandler  stm32f4xx_hal_tim.o
    0x08003e72   0x08003e72   0x00000002   PAD
    0x08003e74   0x08003e74   0x0000006a   Code   RO           53    .text.HAL_TIM_MspPostInit  tim.o
    0x08003ede   0x08003ede   0x00000002   PAD
    0x08003ee0   0x08003ee0   0x0000011c   Code   RO         1150    .text.HAL_TIM_OC_DelayElapsedCallback  control_logic.o
    0x08003ffc   0x08003ffc   0x00000154   Code   RO          186    .text.HAL_TIM_OC_Stop_IT  stm32f4xx_hal_tim.o
    0x08004150   0x08004150   0x00000142   Code   RO          308    .text.HAL_TIM_PWM_ConfigChannel  stm32f4xx_hal_tim.o
    0x08004292   0x08004292   0x00000002   PAD
    0x08004294   0x08004294   0x000000a6   Code   RO          196    .text.HAL_TIM_PWM_Init  stm32f4xx_hal_tim.o
    0x0800433a   0x0800433a   0x00000002   PAD
    0x0800433c   0x0800433c   0x00000008   Code   RO          198    .text.HAL_TIM_PWM_MspInit  stm32f4xx_hal_tim.o
    0x08004344   0x08004344   0x00000008   Code   RO          282    .text.HAL_TIM_PWM_PulseFinishedCallback  stm32f4xx_hal_tim.o
    0x0800434c   0x0800434c   0x00000184   Code   RO          204    .text.HAL_TIM_PWM_Start  stm32f4xx_hal_tim.o
    0x080044d0   0x080044d0   0x0000002c   Code   RO         1148    .text.HAL_TIM_PeriodElapsedCallback  control_logic.o
    0x080044fc   0x080044fc   0x00000008   Code   RO          286    .text.HAL_TIM_TriggerCallback  stm32f4xx_hal_tim.o
    0x08004504   0x08004504   0x000000be   Code   RO          990    .text.HAL_UARTEx_ReceiveToIdle_DMA  stm32f4xx_hal_uart.o
    0x080045c2   0x080045c2   0x00000002   PAD
    0x080045c4   0x080045c4   0x0000000e   Code   RO         1028    .text.HAL_UARTEx_RxEventCallback  stm32f4xx_hal_uart.o
    0x080045d2   0x080045d2   0x00000002   PAD
    0x080045d4   0x080045d4   0x00000008   Code   RO         1026    .text.HAL_UART_ErrorCallback  stm32f4xx_hal_uart.o
    0x080045dc   0x080045dc   0x0000046e   Code   RO         1020    .text.HAL_UART_IRQHandler  stm32f4xx_hal_uart.o
    0x08004a4a   0x08004a4a   0x00000002   PAD
    0x08004a4c   0x08004a4c   0x000000a4   Code   RO          936    .text.HAL_UART_Init  stm32f4xx_hal_uart.o
    0x08004af0   0x08004af0   0x000001ce   Code   RO           74    .text.HAL_UART_MspInit  usart.o
    0x08004cbe   0x08004cbe   0x00000002   PAD
    0x08004cc0   0x08004cc0   0x0000005c   Code   RO          960    .text.HAL_UART_Receive_IT  stm32f4xx_hal_uart.o
    0x08004d1c   0x08004d1c   0x000000ae   Code   RO           78    .text.HAL_UART_RxCpltCallback  usart.o
    0x08004dca   0x08004dca   0x00000002   PAD
    0x08004dcc   0x08004dcc   0x00000008   Code   RO         1040    .text.HAL_UART_RxHalfCpltCallback  stm32f4xx_hal_uart.o
    0x08004dd4   0x08004dd4   0x00000140   Code   RO          952    .text.HAL_UART_Transmit  stm32f4xx_hal_uart.o
    0x08004f14   0x08004f14   0x00000008   Code   RO         1034    .text.HAL_UART_TxCpltCallback  stm32f4xx_hal_uart.o
    0x08004f1c   0x08004f1c   0x00000004   Code   RO           97    .text.HardFault_Handler  stm32f4xx_it.o
    0x08004f20   0x08004f20   0x00000072   Code   RO           37    .text.MX_DMA_Init   dma.o
    0x08004f92   0x08004f92   0x00000002   PAD
    0x08004f94   0x08004f94   0x000000a4   Code   RO           29    .text.MX_GPIO_Init  gpio.o
    0x08005038   0x08005038   0x0000008a   Code   RO           45    .text.MX_TIM1_Init  tim.o
    0x080050c2   0x080050c2   0x00000002   PAD
    0x080050c4   0x080050c4   0x00000086   Code   RO           47    .text.MX_TIM2_Init  tim.o
    0x0800514a   0x0800514a   0x00000002   PAD
    0x0800514c   0x0800514c   0x0000008a   Code   RO           49    .text.MX_TIM3_Init  tim.o
    0x080051d6   0x080051d6   0x00000002   PAD
    0x080051d8   0x080051d8   0x000000e8   Code   RO           51    .text.MX_TIM4_Init  tim.o
    0x080052c0   0x080052c0   0x0000003c   Code   RO           70    .text.MX_USART1_UART_Init  usart.o
    0x080052fc   0x080052fc   0x0000003c   Code   RO           72    .text.MX_USART2_UART_Init  usart.o
    0x08005338   0x08005338   0x00000012   Code   RO         1180    .text.Magnet_Off    servo.o
    0x0800534a   0x0800534a   0x00000002   PAD
    0x0800534c   0x0800534c   0x00000012   Code   RO         1178    .text.Magnet_On     servo.o
    0x0800535e   0x0800535e   0x00000002   PAD
    0x08005360   0x08005360   0x00000004   Code   RO           99    .text.MemManage_Handler  stm32f4xx_it.o
    0x08005364   0x08005364   0x00000004   Code   RO           95    .text.NMI_Handler   stm32f4xx_it.o
    0x08005368   0x08005368   0x0000006e   Code   RO          780    .text.NVIC_EncodePriority  stm32f4xx_hal_cortex.o
    0x080053d6   0x080053d6   0x00000002   PAD
    0x080053d8   0x080053d8   0x00000002   Code   RO          109    .text.PendSV_Handler  stm32f4xx_it.o
    0x080053da   0x080053da   0x00000002   PAD
    0x080053dc   0x080053dc   0x000002c0   Code   RO         1083    .text.Place_Chess_Process  control.o
    0x0800569c   0x0800569c   0x00000064   Code   RO         1217    .text.Robot_Process  system.o
    0x08005700   0x08005700   0x00000002   Code   RO          105    .text.SVC_Handler   stm32f4xx_it.o
    0x08005702   0x08005702   0x00000002   PAD
    0x08005704   0x08005704   0x00000010   Code   RO         1174    .text.Servo_Down    servo.o
    0x08005714   0x08005714   0x00000012   Code   RO         1176    .text.Servo_Up      servo.o
    0x08005726   0x08005726   0x00000002   PAD
    0x08005728   0x08005728   0x00000052   Code   RO          796    .text.SysTick_Config  stm32f4xx_hal_cortex.o
    0x0800577a   0x0800577a   0x00000002   PAD
    0x0800577c   0x0800577c   0x00000008   Code   RO          111    .text.SysTick_Handler  stm32f4xx_it.o
    0x08005784   0x08005784   0x000000c2   Code   RO           13    .text.SystemClock_Config  main.o
    0x08005846   0x08005846   0x00000002   PAD
    0x08005848   0x08005848   0x00000012   Code   RO         1067    .text.SystemInit    system_stm32f4xx.o
    0x0800585a   0x0800585a   0x00000002   PAD
    0x0800585c   0x0800585c   0x00000010   Code   RO          115    .text.TIM1_UP_TIM10_IRQHandler  stm32f4xx_it.o
    0x0800586c   0x0800586c   0x00000010   Code   RO          117    .text.TIM2_IRQHandler  stm32f4xx_it.o
    0x0800587c   0x0800587c   0x00000010   Code   RO          119    .text.TIM3_IRQHandler  stm32f4xx_it.o
    0x0800588c   0x0800588c   0x00000010   Code   RO          121    .text.TIM4_IRQHandler  stm32f4xx_it.o
    0x0800589c   0x0800589c   0x00000144   Code   RO          146    .text.TIM_Base_SetConfig  stm32f4xx_hal_tim.o
    0x080059e0   0x080059e0   0x00000038   Code   RO          180    .text.TIM_CCxChannelCmd  stm32f4xx_hal_tim.o
    0x08005a18   0x08005a18   0x00000034   Code   RO          332    .text.TIM_ETR_SetConfig  stm32f4xx_hal_tim.o
    0x08005a4c   0x08005a4c   0x0000002a   Code   RO          338    .text.TIM_ITRx_SetConfig  stm32f4xx_hal_tim.o
    0x08005a76   0x08005a76   0x00000002   PAD
    0x08005a78   0x08005a78   0x000000ca   Code   RO          290    .text.TIM_OC1_SetConfig  stm32f4xx_hal_tim.o
    0x08005b42   0x08005b42   0x00000002   PAD
    0x08005b44   0x08005b44   0x000000d4   Code   RO          292    .text.TIM_OC2_SetConfig  stm32f4xx_hal_tim.o
    0x08005c18   0x08005c18   0x000000d2   Code   RO          294    .text.TIM_OC3_SetConfig  stm32f4xx_hal_tim.o
    0x08005cea   0x08005cea   0x00000002   PAD
    0x08005cec   0x08005cec   0x00000094   Code   RO          296    .text.TIM_OC4_SetConfig  stm32f4xx_hal_tim.o
    0x08005d80   0x08005d80   0x00000050   Code   RO          336    .text.TIM_TI1_ConfigInputStage  stm32f4xx_hal_tim.o
    0x08005dd0   0x08005dd0   0x00000052   Code   RO          340    .text.TIM_TI2_ConfigInputStage  stm32f4xx_hal_tim.o
    0x08005e22   0x08005e22   0x00000002   PAD
    0x08005e24   0x08005e24   0x0000001c   Code   RO         1024    .text.UART_DMAAbortOnError  stm32f4xx_hal_uart.o
    0x08005e40   0x08005e40   0x00000080   Code   RO          970    .text.UART_DMAError  stm32f4xx_hal_uart.o
    0x08005ec0   0x08005ec0   0x000000f4   Code   RO         1056    .text.UART_DMAReceiveCplt  stm32f4xx_hal_uart.o
    0x08005fb4   0x08005fb4   0x00000034   Code   RO         1058    .text.UART_DMARxHalfCplt  stm32f4xx_hal_uart.o
    0x08005fe8   0x08005fe8   0x00000094   Code   RO          984    .text.UART_EndRxTransfer  stm32f4xx_hal_uart.o
    0x0800607c   0x0800607c   0x00000026   Code   RO         1032    .text.UART_EndTransmit_IT  stm32f4xx_hal_uart.o
    0x080060a2   0x080060a2   0x00000002   PAD
    0x080060a4   0x080060a4   0x00000036   Code   RO          982    .text.UART_EndTxTransfer  stm32f4xx_hal_uart.o
    0x080060da   0x080060da   0x00000002   PAD
    0x080060dc   0x080060dc   0x0000016e   Code   RO         1022    .text.UART_Receive_IT  stm32f4xx_hal_uart.o
    0x0800624a   0x0800624a   0x00000002   PAD
    0x0800624c   0x0800624c   0x00000156   Code   RO          940    .text.UART_SetConfig  stm32f4xx_hal_uart.o
    0x080063a2   0x080063a2   0x00000002   PAD
    0x080063a4   0x080063a4   0x0000013a   Code   RO          974    .text.UART_Start_Receive_DMA  stm32f4xx_hal_uart.o
    0x080064de   0x080064de   0x00000002   PAD
    0x080064e0   0x080064e0   0x00000066   Code   RO          962    .text.UART_Start_Receive_IT  stm32f4xx_hal_uart.o
    0x08006546   0x08006546   0x00000002   PAD
    0x08006548   0x08006548   0x00000098   Code   RO         1030    .text.UART_Transmit_IT  stm32f4xx_hal_uart.o
    0x080065e0   0x080065e0   0x000000de   Code   RO          954    .text.UART_WaitOnFlagUntilTimeout  stm32f4xx_hal_uart.o
    0x080066be   0x080066be   0x00000002   PAD
    0x080066c0   0x080066c0   0x00000010   Code   RO          123    .text.USART1_IRQHandler  stm32f4xx_it.o
    0x080066d0   0x080066d0   0x00000004   Code   RO          103    .text.UsageFault_Handler  stm32f4xx_it.o
    0x080066d4   0x080066d4   0x00000034   Code   RO          784    .text.__NVIC_EnableIRQ  stm32f4xx_hal_cortex.o
    0x08006708   0x08006708   0x00000010   Code   RO          776    .text.__NVIC_GetPriorityGrouping  stm32f4xx_hal_cortex.o
    0x08006718   0x08006718   0x00000044   Code   RO          778    .text.__NVIC_SetPriority  stm32f4xx_hal_cortex.o
    0x0800675c   0x0800675c   0x0000003c   Code   RO          772    .text.__NVIC_SetPriorityGrouping  stm32f4xx_hal_cortex.o
    0x08006798   0x08006798   0x0000000c   Code   RO         1087    .text.control_t_is_busy  control.o
    0x080067a4   0x080067a4   0x0000019c   Code   RO         1091    .text.control_t_process  control.o
    0x08006940   0x08006940   0x0000003e   Code   RO         1085    .text.control_t_start  control.o
    0x0800697e   0x0800697e   0x00000002   PAD
    0x08006980   0x08006980   0x000000c8   Code   RO         1189    .text.dequeue_command  decode.o
    0x08006a48   0x08006a48   0x00000114   Code   RO         1193    .text.enqueue_command  decode.o
    0x08006b5c   0x08006b5c   0x00000112   Code   RO           11    .text.main          main.o
    0x08006c6e   0x08006c6e   0x00000002   PAD
    0x08006c70   0x08006c70   0x000000e2   Code   RO         1191    .text.parse_command  decode.o
    0x08006d52   0x08006d52   0x00000002   PAD
    0x08006d54   0x08006d54   0x00000024   Code   RO         1126    .text.stepper_stop  stepper_motor.o
    0x08006d78   0x08006d78   0x00000052   Code   RO         1261    .text.usart2_SendCmd  bsp_uart.o
    0x08006dca   0x08006dca   0x00000338   Code   RO         1465    CL$$btod_div_common  c_w.l(btod.o)
    0x08007102   0x08007102   0x00000002   PAD
    0x08007104   0x08007104   0x00000084   Code   RO         1463    CL$$btod_e2d        c_w.l(btod.o)
    0x08007188   0x08007188   0x000000dc   Code   RO         1462    CL$$btod_e2e        c_w.l(btod.o)
    0x08007264   0x08007264   0x0000002a   Code   RO         1459    CL$$btod_ediv       c_w.l(btod.o)
    0x0800728e   0x0800728e   0x0000002a   Code   RO         1461    CL$$btod_edivd      c_w.l(btod.o)
    0x080072b8   0x080072b8   0x0000002a   Code   RO         1458    CL$$btod_emul       c_w.l(btod.o)
    0x080072e2   0x080072e2   0x0000002a   Code   RO         1460    CL$$btod_emuld      c_w.l(btod.o)
    0x0800730c   0x0800730c   0x00000244   Code   RO         1464    CL$$btod_mult_common  c_w.l(btod.o)
    0x08007550   0x08007550   0x000000f8   Code   RO         1509    i.__hardfp___mathlib_tofloat  m_wm.l(narrow.o)
    0x08007648   0x08007648   0x000000d0   Code   RO         1647    i.__hardfp_ldexp    m_wm.l(ldexp.o)
    0x08007718   0x08007718   0x00000020   Code   RO         1685    i.__mathlib_dbl_overflow  m_wm.l(dunder.o)
    0x08007738   0x08007738   0x00000020   Code   RO         1687    i.__mathlib_dbl_underflow  m_wm.l(dunder.o)
    0x08007758   0x08007758   0x00000012   Code   RO         1510    i.__mathlib_narrow  m_wm.l(narrow.o)
    0x0800776a   0x0800776a   0x00000014   Code   RO         1649    i.__support_ldexp   m_wm.l(ldexp.o)
    0x0800777e   0x0800777e   0x0000000e   Code   RO         1424    i._is_digit         c_w.l(scanf_fp.o)
    0x0800778c   0x0800778c   0x00000004   PAD
    0x08007790   0x08007790   0x0000008c   Code   RO         1613    i.frexp             m_wm.l(frexp.o)
    0x0800781c   0x0800781c   0x0000002c   Code   RO         1481    locale$$code        c_w.l(lc_numeric_c.o)
    0x08007848   0x08007848   0x0000002c   Code   RO         1552    locale$$code        c_w.l(lc_ctype_c.o)
    0x08007874   0x08007874   0x00000062   Code   RO         1605    x$fpl$d2f           fz_wm.l(d2f.o)
    0x080078d6   0x080078d6   0x00000002   PAD
    0x080078d8   0x080078d8   0x00000010   Code   RO         1744    x$fpl$dcheck1       fz_wm.l(dcheck1.o)
    0x080078e8   0x080078e8   0x00000018   Code   RO         1637    x$fpl$dcmpinf       fz_wm.l(dcmpi.o)
    0x08007900   0x08007900   0x00000078   Code   RO         1607    x$fpl$deqf          fz_wm.l(deqf.o)
    0x08007978   0x08007978   0x00000078   Code   RO         1639    x$fpl$dleqf         fz_wm.l(dleqf.o)
    0x080079f0   0x080079f0   0x00000154   Code   RO         1641    x$fpl$dmul          fz_wm.l(dmul.o)
    0x08007b44   0x08007b44   0x0000009c   Code   RO         1392    x$fpl$dnaninf       fz_wm.l(dnaninf.o)
    0x08007be0   0x08007be0   0x0000000c   Code   RO         1394    x$fpl$dretinf       fz_wm.l(dretinf.o)
    0x08007bec   0x08007bec   0x0000006c   Code   RO         1609    x$fpl$drleqf        fz_wm.l(drleqf.o)
    0x08007c58   0x08007c58   0x0000001a   Code   RO         1643    x$fpl$fpinit        fz_wm.l(fpinit.o)
    0x08007c72   0x08007c72   0x0000000a   Code   RO         1645    x$fpl$fretinf       fz_wm.l(fretinf.o)
    0x08007c7c   0x08007c7c   0x00000006   Code   RO         1501    x$fpl$ieeestatus    fz_wm.l(istatus.o)
    0x08007c82   0x08007c82   0x00000064   Code   RO         1746    x$fpl$retnan        fz_wm.l(retnan.o)
    0x08007ce6   0x08007ce6   0x0000005c   Code   RO         1679    x$fpl$scalbn        fz_wm.l(scalbn.o)
    0x08007d42   0x08007d42   0x00000004   Code   RO         1396    x$fpl$scanf1        fz_wm.l(scanf1.o)
    0x08007d46   0x08007d46   0x00000008   Code   RO         1503    x$fpl$scanf2        fz_wm.l(scanf2.o)
    0x08007d4e   0x08007d4e   0x00000030   Code   RO         1748    x$fpl$trapveneer    fz_wm.l(trapv.o)
    0x08007d7e   0x08007d7e   0x00000000   Code   RO         1398    x$fpl$usenofp       fz_wm.l(usenofp.o)
    0x08007d7e   0x08007d7e   0x00000002   PAD
    0x08007d80   0x08007d80   0x00000094   Data   RO         1453    .constdata          c_w.l(bigflt0.o)
    0x08007e14   0x08007e14   0x00000010   Data   RO         1072    .rodata.AHBPrescTable  system_stm32f4xx.o
    0x08007e24   0x08007e24   0x00000008   Data   RO         1073    .rodata.APBPrescTable  system_stm32f4xx.o
    0x08007e2c   0x08007e2c   0x00000008   Data   RO          694    .rodata.DMA_CalcBaseAndBitshift.flagBitshiftOffset  stm32f4xx_hal_dma.o
    0x08007e34   0x08007e34   0x0000002b   Data   RO         1207    .rodata.str1.1      decode.o
    0x08007e5f   0x08007e5f   0x00000001   PAD
    0x08007e60   0x08007e60   0x00000020   Data   RO         1751    Region$$Table       anon$$obj.o
    0x08007e80   0x08007e80   0x00000008   Data   RO         1497    c$$dinf             fz_wm.l(fpconst.o)
    0x08007e88   0x08007e88   0x00000008   Data   RO         1500    c$$dmax             fz_wm.l(fpconst.o)
    0x08007e90   0x08007e90   0x0000001c   Data   RO         1480    locale$$data        c_w.l(lc_numeric_c.o)
    0x08007eac   0x08007eac   0x00000110   Data   RO         1551    locale$$data        c_w.l(lc_ctype_c.o)


    Execution Region RW_IRAM1 (Exec base: 0x20000000, Load base: 0x08007fc0, Size: 0x00000a88, Max: 0x00010000, ABSOLUTE)

    Exec Addr    Load Addr    Size         Type   Attr      Idx    E Section Name        Object

    0x20000000   0x08007fc0   0x00000004   Data   RW         1071    .data.SystemCoreClock  system_stm32f4xx.o
    0x20000004   0x08007fc4   0x00000014   Data   RW         1105    .data.motor_ctrl    control.o
    0x20000018   0x08007fd8   0x00000001   Data   RW         1099    .data.raf           control.o
    0x20000019   0x08007fd9   0x00000001   Data   RW          902    .data.uwTickFreq    stm32f4xx_hal.o
    0x2000001a   0x08007fda   0x00000002   PAD
    0x2000001c   0x08007fdc   0x00000004   Data   RW          901    .data.uwTickPrio    stm32f4xx_hal.o
    0x20000020   0x08007fe0   0x00000002   Data   RW         1097    .data.velocity      control.o
    0x20000022   0x08007fe2   0x00000006   PAD
    0x20000028        -       0x00000060   Zero   RW         1518    .bss                c_w.l(libspace.o)
    0x20000088        -       0x00000004   Zero   RW         1244    .bss.CPU_FREQ_Hz    bsp_dwt.o
    0x2000008c        -       0x00000004   Zero   RW         1245    .bss.CPU_FREQ_Hz_ms  bsp_dwt.o
    0x20000090        -       0x00000004   Zero   RW         1246    .bss.CPU_FREQ_Hz_us  bsp_dwt.o
    0x20000094        -       0x00000004   Zero   RW         1247    .bss.CYCCNT_RountCount  bsp_dwt.o
    0x20000098        -       0x00000002   Zero   RW         1098    .bss.acc            control.o
    0x2000009a        -       0x00000001   Zero   RW           20    .bss.count          main.o
    0x2000009b   0x08007fe2   0x00000001   PAD
    0x2000009c        -       0x00000004   Zero   RW         1104    .bss.current_time   control.o
    0x200000a0        -       0x00000001   Zero   RW         1201    .bss.deploy_cmd_count  decode.o
    0x200000a1        -       0x00000001   Zero   RW         1203    .bss.deploy_cmd_head  decode.o
    0x200000a2        -       0x00000020   Zero   RW         1202    .bss.deploy_cmd_queue  decode.o
    0x200000c2        -       0x00000001   Zero   RW         1208    .bss.deploy_cmd_tail  decode.o
    0x200000c3        -       0x00000001   Zero   RW         1195    .bss.deploy_enqueue_flag  decode.o
    0x200000c4        -       0x00000001   Zero   RW           18    .bss.dst_idx        main.o
    0x200000c5   0x08007fe2   0x00000003   PAD
    0x200000c8        -       0x00000004   Zero   RW         1158    .bss.g_count_val1   control_logic.o
    0x200000cc        -       0x00000010   Zero   RW         1128    .bss.g_stepperx     stepper_motor.o
    0x200000dc        -       0x00000010   Zero   RW         1129    .bss.g_steppery     stepper_motor.o
    0x200000ec        -       0x00000060   Zero   RW           83    .bss.hdma_usart1_rx  usart.o
    0x2000014c        -       0x00000060   Zero   RW           84    .bss.hdma_usart2_rx  usart.o
    0x200001ac        -       0x00000048   Zero   RW           59    .bss.htim1          tim.o
    0x200001f4        -       0x00000048   Zero   RW           60    .bss.htim2          tim.o
    0x2000023c        -       0x00000048   Zero   RW           61    .bss.htim3          tim.o
    0x20000284        -       0x00000048   Zero   RW           62    .bss.htim4          tim.o
    0x200002cc        -       0x00000048   Zero   RW           81    .bss.huart1         usart.o
    0x20000314        -       0x00000048   Zero   RW           82    .bss.huart2         usart.o
    0x2000035c        -       0x00000001   Zero   RW         1163    .bss.i1             control_logic.o
    0x2000035d        -       0x00000001   Zero   RW         1197    .bss.parse_count    decode.o
    0x2000035e        -       0x00000001   Zero   RW         1198    .bss.parse_count_all  decode.o
    0x2000035f        -       0x00000001   Zero   RW         1199    .bss.parse_count_err  decode.o
    0x20000360        -       0x00000001   Zero   RW         1200    .bss.parse_count_full  decode.o
    0x20000361   0x08007fe2   0x00000003   PAD
    0x20000364        -       0x0000001c   Zero   RW         1103    .bss.place_ctrl     control.o
    0x20000380        -       0x00000001   Zero   RW         1204    .bss.recover_cmd_count  decode.o
    0x20000381        -       0x00000001   Zero   RW         1206    .bss.recover_cmd_head  decode.o
    0x20000382        -       0x00000020   Zero   RW         1205    .bss.recover_cmd_queue  decode.o
    0x200003a2        -       0x00000001   Zero   RW         1209    .bss.recover_cmd_tail  decode.o
    0x200003a3        -       0x00000001   Zero   RW         1196    .bss.recover_enqueue_flag  decode.o
    0x200003a4        -       0x00000001   Zero   RW           19    .bss.res            main.o
    0x200003a5   0x08007fe2   0x00000003   PAD
    0x200003a8        -       0x00000034   Zero   RW         1219    .bss.robot          system.o
    0x200003dc        -       0x00000080   Zero   RW         1266    .bss.rx2_buffer     bsp_uart.o
    0x2000045c        -       0x00000020   Zero   RW           87    .bss.rx_buffer      usart.o
    0x2000047c        -       0x00000001   Zero   RW           85    .bss.rx_byte        usart.o
    0x2000047d        -       0x00000001   Zero   RW           86    .bss.rx_index       usart.o
    0x2000047e        -       0x00000001   Zero   RW           17    .bss.src_idx        main.o
    0x2000047f        -       0x00000002   Zero   RW           21    .bss.temp_cmd       main.o
    0x20000481        -       0x00000001   Zero   RW           80    .bss.temp_count     usart.o
    0x20000482   0x08007fe2   0x00000002   PAD
    0x20000484        -       0x00000004   Zero   RW          903    .bss.uwTick         stm32f4xx_hal.o
    0x20000488        -       0x00000200   Zero   RW            2    HEAP                startup_stm32f401xc.o
    0x20000688        -       0x00000400   Zero   RW            1    STACK               startup_stm32f401xc.o


==============================================================================

Image component sizes


      Code (inc. data)   RO Data    RW Data    ZI Data      Debug   Object Name

       140          0          0          0         16       3434   bsp_dwt.o
        82          0          0          0        128       1560   bsp_uart.o
      1190         42          0         23         34       4034   control.o
       328          0          0          0          5       4658   control_logic.o
       702          0         43          0         76       2309   decode.o
       114          0          0          0          0       2856   dma.o
       190          0          0          0          0       3973   emm_v5.o
       164          0          0          0          0       2142   gpio.o
       474          0          0          0          6       3118   main.o
        70          0          0          0          0       1303   servo.o
        64         26        404          0       1536        832   startup_stm32f401xc.o
        36          0          0          0         32       1581   stepper_motor.o
       212          0          0          5          4       6715   stm32f4xx_hal.o
       508          0          0          0          0       9221   stm32f4xx_hal_cortex.o
      2136          8          8          0          0       8435   stm32f4xx_hal_dma.o
       930          0          0          0          0       5092   stm32f4xx_hal_gpio.o
        74          0          0          0          0       1520   stm32f4xx_hal_msp.o
      2662          0          0          0          0       7660   stm32f4xx_hal_rcc.o
      4196         28          0          0          0      35886   stm32f4xx_hal_tim.o
       270          0          0          0          0      15312   stm32f4xx_hal_tim_ex.o
      4128          0          0          0          0      20405   stm32f4xx_hal_uart.o
       146          0          0          0          0       1700   stm32f4xx_it.o
       100          4          0          0         52       1856   system.o
        18          0         24          4          0       2555   system_stm32f4xx.o
      1050          0          0          0        288       8442   tim.o
       756          0          0          0        371       7085   usart.o

    ----------------------------------------------------------------------
     20846        108        512         36       2564     163684   Object Totals
         0          0         32          0          0          0   (incl. Generated)
       106          0          1          4         16          0   (incl. Padding)

    ----------------------------------------------------------------------

      Code (inc. data)   RO Data    RW Data    ZI Data      Debug   Library Member Name

         8          0          0          0          0         68   __main.o
         0          0          0          0          0          0   __rtentry.o
        12          0          0          0          0          0   __rtentry2.o
         6          0          0          0          0          0   __rtentry4.o
        52          8          0          0          0          0   __scatter.o
        26          0          0          0          0          0   __scatter_copy.o
        28          0          0          0          0          0   __scatter_zi.o
        72          0          0          0          0         96   _c16rtomb.o
        28          0          0          0          0         68   _chval.o
       302          0          0          0          0        168   _get_argv_nomalloc.o
        64          0          0          0          0         84   _mbrtoc16.o
        22          0          0          0          0        100   _rserrno.o
       884          6          0          0          0        100   _scanf.o
       332          0          0          0          0         96   _scanf_int.o
       342          0          0          0          0        100   _scanf_longlong.o
       276          0          0          0          0        100   _scanf_mbtowc.o
       224          0          0          0          0         96   _scanf_str.o
        30          0          0          0          0         76   _scanf_wcharmap.o
       232          0          0          0          0        100   _scanf_wctomb.o
       208          0          0          0          0         96   _scanf_wstr.o
        64          0          0          0          0         84   _sgetc.o
         4          0          0          0          0         68   argv_veneer.o
       228          4        148          0          0         96   bigflt0.o
      1924        136          0          0          0        756   btod.o
        10          0          0          0          0         68   defsig_exit.o
        50          0          0          0          0         88   defsig_general.o
        80         58          0          0          0         76   defsig_rtmem_inner.o
        14          0          0          0          0         80   defsig_rtmem_outer.o
        18          0          0          0          0         80   exit.o
         6          0          0          0          0        152   heapauxi.o
         4          0          0          0          0        136   hrguard.o
         0          0          0          0          0          0   indicate_semi.o
        18          0          0          0          0         76   isspace.o
        44         10        272          0          0         76   lc_ctype_c.o
        44         10         28          0          0         76   lc_numeric_c.o
         2          0          0          0          0          0   libinit.o
        42          0          0          0          0          0   libinit2.o
         2          0          0          0          0          0   libshutdown.o
         2          0          0          0          0          0   libshutdown2.o
         8          4          0          0         96         68   libspace.o
        38          0          0          0          0         68   llshl.o
       240          0          0          0          0        100   lludivv7m.o
        16          4          0          0          0         76   rt_ctype_table.o
         8          4          0          0          0         68   rt_errno_addr_intlibspace.o
         8          4          0          0          0         68   rt_locale_intlibspace.o
        78          0          0          0          0         80   rt_memclr_w.o
         2          0          0          0          0          0   rtexit.o
        10          0          0          0          0          0   rtexit2.o
        44          8          0          0          0         84   scanf_char.o
      1286         16          0          0          0        236   scanf_fp.o
       800         14          0          0          0        100   scanf_hexfp.o
       308         16          0          0          0        100   scanf_infnan.o
        60          8          0          0          0         84   sscanf.o
       124          0          0          0          0         88   strcmpv7em.o
        24          0          0          0          0         76   sys_command.o
        12          4          0          0          0         68   sys_exit.o
        74          0          0          0          0         80   sys_stackheap_outer.o
        14          0          0          0          0         76   sys_wrch.o
         2          0          0          0          0         68   use_no_semi.o
        98          4          0          0          0        140   d2f.o
        16          4          0          0          0        116   dcheck1.o
        24          0          0          0          0        116   dcmpi.o
       120          4          0          0          0        140   deqf.o
       120          4          0          0          0        140   dleqf.o
       340         12          0          0          0        152   dmul.o
       156          4          0          0          0        140   dnaninf.o
        12          0          0          0          0        116   dretinf.o
       108          0          0          0          0        128   drleqf.o
         0          0         16          0          0          0   fpconst.o
        26          0          0          0          0        116   fpinit.o
        10          0          0          0          0        116   fretinf.o
         6          0          0          0          0        116   istatus.o
       100          0          0          0          0        116   retnan.o
        92          0          0          0          0        116   scalbn.o
         4          0          0          0          0        116   scanf1.o
         8          0          0          0          0        132   scanf2.o
        48          0          0          0          0        116   trapv.o
         0          0          0          0          0          0   usenofp.o
        64         16          0          0          0        248   dunder.o
       140         22          0          0          0        132   frexp.o
       228          8          0          0          0        308   ldexp.o
       266         16          0          0          0        308   narrow.o

    ----------------------------------------------------------------------
     10878        410        464          0         96       7976   Library Totals
        32          2          0          0          0          0   (incl. Padding)

    ----------------------------------------------------------------------

      Code (inc. data)   RO Data    RW Data    ZI Data      Debug   Library Name

      8860        314        448          0         96       4848   c_w.l
      1288         32         16          0          0       2132   fz_wm.l
       698         62          0          0          0        996   m_wm.l

    ----------------------------------------------------------------------
     10878        410        464          0         96       7976   Library Totals

    ----------------------------------------------------------------------

==============================================================================


      Code (inc. data)   RO Data    RW Data    ZI Data      Debug   

     31724        518        976         36       2660     166424   Grand Totals
     31724        518        976         36       2660     166424   ELF Image Totals
     31724        518        976         36          0          0   ROM Totals

==============================================================================

    Total RO  Size (Code + RO Data)                32700 (  31.93kB)
    Total RW  Size (RW Data + ZI Data)              2696 (   2.63kB)
    Total ROM Size (Code + RO Data + RW Data)      32736 (  31.97kB)

==============================================================================

